******************************************************************************
TMS320C3x/4x COFF Linker                Version 5.11                   
******************************************************************************
>> Linked Wed Feb  2 11:35:45 2022

OUTPUT FILE NAME:   <pdi.out>
ENTRY POINT SYMBOL: "_c_int00"  address: 00420000


MEMORY CONFIGURATION

           name     origin    length      used    attributes    fill
         --------  --------  ---------  --------  ----------  --------
         BOOT      00400000  000001fff  00000000     RWIX      
         APP_VECT  00401fff  000000001  00000001     RWIX      
         CCM_RPT   00402000  000002000  00000000     RWIX      
         FC_LOG    00404000  000004000  00000000     RWIX      
         FLASH_CF  00408000  000007fff  00000000     RWIX      
         FLASH_CU  0040ffff  000000001  00000000     RWIX      
         FLASH_CF  00410000  000007fff  00000000     RWIX      
         FLASH_CU  00417fff  000000001  00000000     RWIX      
         FLASH_FC  00418000  000007fff  00000000     RWIX      
         FLASH_CF  0041ffff  000000001  00000000     RWIX      
         FLASH_IN  00420000  000008000  00007d66     RWIX      
         FLASH_FA  00428000  000008000  00000000     RWIX      
         FLASH_AP  00430000  000030000  000211b6     RWIX      
         FLASH     00460000  0003a0000  000019bc     RWIX      
         INRAM23   00800000  000008000  0000655f     RWIX      
         BOOTSTK   00809800  000000002  00000000     RWIX      
         INRAM01   00809802  0000007bf  000007bf     RWIX      
         BRTABLE   00809fc1  00000003f  00000000     RWIX      
         EXRAM_CF  00a00000  000007fff  00005fa7     RWIX      
         EXRAM_C1  00a07fff  000000001  00000000     RWIX      
         EXRAM_EX  00a08000  000030000  0000360d     RWIX      
         SPAD_EEA  00a38000  000007fff  00000000     RWIX      
         SPAD_CRC  00a3ffff  000000001  00000000     RWIX      
         SPAD_SA   00b00000  000007fff  00000000     RWIX      
         SPAD_CRC  00b07fff  000000001  00000000     RWIX      
         UART_EX   00c00000  000008000  00000080     RWIX      


SECTION ALLOCATION MAP

 output                                  attributes/
section   page    origin      length       input sections
--------  ----  ----------  ----------   ----------------
initialization_TOP   0    00420000    00000036     
                  00420000    00000036     boot.obj (initialization_TOP)

application_vector   0    00401fff    00000001     
                  00401fff    00000001     ISR.obj (application_vector)

interrupt_routines   0    00800000    00001158     
                  00800000    00000115     TIMER.obj (interrupt_routines)
                  00800115    000008e2     SERIAL.obj (interrupt_routines)
                  008009f7    00000761     ISR.obj (interrupt_routines)

internal_RAM   0    00801158    00003407     
                  00801158    0000038c     LCD.obj (internal_RAM)
                  008014e4    00000393     I2C.obj (internal_RAM)
                  00801877    00000155     SELFTEST.obj (internal_RAM)
                  008019cc    000007a1     LOG.obj (internal_RAM)
                  0080216d    000001b0     GLBLS.obj (internal_RAM) [fill = 00000000]
                  0080231d    0000012f     BUFFER.obj (internal_RAM)
                  0080244c    00000562     MODBUSRTU.obj (internal_RAM)
                  008029ae    000000d6     LIST.obj (internal_RAM)
                  00802a84    000003b3     FLASH.obj (internal_RAM)
                  00802e37    000001a9     TIMER.obj (internal_RAM) [fill = 00000000]
                  00802fe0    00001570     SERIAL.obj (internal_RAM) [fill = 00000000]
                  00804550    0000000f     MAIN.obj (internal_RAM)

.text      0    00430000    0001b7e6     
                  00430000    00000751     API.obj (.text)
                  00430751    00000000     pdi.lib : errno.obj (.text)
                  00430751    00000000             : ctype.obj (.text)
                  00430751    00000000             : mpyld.obj (.text)
                  00430751    00000000             : divld.obj (.text)
                  00430751    00000000     ISR.obj (.text)
                  00430751    00000000     FLASH.obj (.text)
                  00430751    00000000     LIST.obj (.text)
                  00430751    00000000     BUFFER.obj (.text)
                  00430751    00000000     boot.obj (.text)
                  00430751    00000000     DEMO.obj (.text)
                  00430751    00000000     ETC.obj (.text)
                  00430751    00008789     MENU.obj (.text)
                  00438eda    00000065     LCD.obj (.text)
                  00438f3f    000000fc     I2C.obj (.text)
                  0043903b    000003cf     SELFTEST.obj (.text)
                  0043940a    00000014     LOG.obj (.text)
                  0043941e    00002847     HART.obj (.text)
                  0043bc65    00000018     GLBLS.obj (.text)
                  0043bc7d    00000060     FLOAT1.obj (.text)
                  0043bcdd    0000476e     MODBUSRTU.obj (.text)
                  0044044b    000000df     EXECUTE.obj (.text)
                  0044052a    00000c2c     VARIABLE.obj (.text)
                  00441156    0000018e     TIMER.obj (.text)
                  004412e4    00000032     SERIAL.obj (.text)
                  00441316    0000813e     MISC.obj (.text)
                  00449454    0000004d     MAIN.obj (.text)
                  004494a1    000006b1     DAC.obj (.text)
                  00449b52    00000804     ADC.obj (.text)
                  0044a356    00000028     pdi.lib : divf.obj (.text)
                  0044a37e    00000024             : divi.obj (.text)
                  0044a3a2    00000044             : divld.obj (.text:flt40)
                  0044a3e6    00000032             : divu.obj (.text)
                  0044a418    0000000b             : modf30.obj (.text)
                  0044a423    00000021             : modi.obj (.text)
                  0044a444    00000029             : modu.obj (.text)
                  0044a46d    0000000e             : mpyi.obj (.text)
                  0044a47b    00000009             : mpyk.obj (.text)
                  0044a484    0000000f             : mpyld.obj (.text:flt40)
                  0044a493    00000014             : ceil.obj (.text)
                  0044a4a7    0000003e             : exp.obj (.text)
                  0044a4e5    00000014             : floor.obj (.text)
                  0044a4f9    00000042             : fmod.obj (.text)
                  0044a53b    00000047             : log.obj (.text)
                  0044a582    00000049             : log10.obj (.text)
                  0044a5cb    000000ea             : pow.obj (.text)
                  0044a6b5    0000003b             : sprintf.obj (.text)
                  0044a6f0    0000005b             : sscanf.obj (.text)
                  0044a74b    0000000a             : strcat.obj (.text)
                  0044a755    00000007             : strcpy.obj (.text)
                  0044a75c    00000006             : strlen.obj (.text)
                  0044a762    00000013             : strncmp.obj (.text)
                  0044a775    00000015             : strncpy.obj (.text)
                  0044a78a    000000a5             : strtol.obj (.text)
                  0044a82f    00000011             : frexp30.obj (.text)
                  0044a840    00000017             : ldexp30.obj (.text)
                  0044a857    0000061b             : _printfi.obj (.text)
                  0044ae72    000004a0             : _scanfi.obj (.text)
                  0044b312    00000032             : atoi.obj (.text)
                  0044b344    0000008a             : ecvt.obj (.text)
                  0044b3ce    00000094             : fcvt.obj (.text)
                  0044b462    0000002c             : ltoa.obj (.text)
                  0044b48e    00000010             : memccpy.obj (.text)
                  0044b49e    00000018             : memcpy.obj (.text)
                  0044b4b6    000001c6             : memory.obj (.text)
                  0044b67c    000000e2             : strtod.obj (.text)
                  0044b75e    00000088             : strtoul.obj (.text)

.const     0    00420036    000029aa     
                  00420036    00000000     API.obj (.const)
                  00420036    00000000     pdi.lib : strtoul.obj (.const)
                  00420036    00000000             : strtod.obj (.const)
                  00420036    00000000             : memory.obj (.const)
                  00420036    00000000             : memcpy.obj (.const)
                  00420036    00000000             : fcvt.obj (.const)
                  00420036    00000000             : ecvt.obj (.const)
                  00420036    00000000             : atoi.obj (.const)
                  00420036    00000000             : _scanfi.obj (.const)
                  00420036    00000000             : strtol.obj (.const)
                  00420036    00000000             : strncpy.obj (.const)
                  00420036    00000000             : strncmp.obj (.const)
                  00420036    00000000             : sscanf.obj (.const)
                  00420036    00000000             : sprintf.obj (.const)
                  00420036    00000000             : pow.obj (.const)
                  00420036    00000000             : log10.obj (.const)
                  00420036    00000000             : log.obj (.const)
                  00420036    00000000             : fmod.obj (.const)
                  00420036    00000000             : floor.obj (.const)
                  00420036    00000000             : exp.obj (.const)
                  00420036    00000000             : ceil.obj (.const)
                  00420036    00000000     ADC.obj (.const)
                  00420036    00000000     DAC.obj (.const)
                  00420036    00000000     ISR.obj (.const)
                  00420036    00000000     TIMER.obj (.const)
                  00420036    00000000     VARIABLE.obj (.const)
                  00420036    00000000     EXECUTE.obj (.const)
                  00420036    00000000     FLASH.obj (.const)
                  00420036    00000000     BUFFER.obj (.const)
                  00420036    00000000     HART.obj (.const)
                  00420036    00000000     LOG.obj (.const)
                  00420036    00000000     I2C.obj (.const)
                  00420036    00000000     LCD.obj (.const)
                  00420036    0000185f     MENU.obj (.const)
                  00421895    0000012e     SELFTEST.obj (.const)
                  004219c3    00000026     DEMO.obj (.const)
                  004219e9    00000ab8     GLBLS.obj (.const)
                  004224a1    0000002c     MODBUSRTU.obj (.const)
                  004224cd    0000006a     SERIAL.obj (.const)
                  00422537    00000306     MISC.obj (.const)
                  0042283d    00000179     MAIN.obj (.const)
                  004229b6    0000002a     pdi.lib : _printfi.obj (.const)

TABLES     0    0044b7e6    000059d0     
                  0044b7e6    00003dfb     MENU.obj (TABLES)
                  0044f5e1    00000152     HART.obj (TABLES)
                  0044f733    00000ff4     MODBUSRTU.obj (TABLES)
                  00450727    00000a8f     VARIABLE.obj (TABLES)

.bss       0    00a08000    0000360d     UNINITIALIZED
                  00a08000    00000043     API.obj (.bss)
                  00a08043    00000000     pdi.lib : memccpy.obj (.bss)
                  00a08043    00000000             : ltoa.obj (.bss)
                  00a08043    00000000             : ldexp30.obj (.bss)
                  00a08043    00000000             : frexp30.obj (.bss)
                  00a08043    00000000             : strlen.obj (.bss)
                  00a08043    00000000             : strcpy.obj (.bss)
                  00a08043    00000000             : strcat.obj (.bss)
                  00a08043    00000000             : mpyld.obj (.bss)
                  00a08043    00000000             : mpyk.obj (.bss)
                  00a08043    00000000             : mpyi.obj (.bss)
                  00a08043    00000000             : modu.obj (.bss)
                  00a08043    00000000             : modi.obj (.bss)
                  00a08043    00000000             : modf30.obj (.bss)
                  00a08043    00000000             : divu.obj (.bss)
                  00a08043    00000000             : divld.obj (.bss)
                  00a08043    00000000             : divi.obj (.bss)
                  00a08043    00000000             : divf.obj (.bss)
                  00a08043    00000000     LIST.obj (.bss)
                  00a08043    00000000     FLOAT1.obj (.bss)
                  00a08043    00000000     boot.obj (.bss)
                  00a08043    00000000     ETC.obj (.bss)
                  00a08043    0000061d     MENU.obj (.bss)
                  00a08660    00000014     LCD.obj (.bss)
                  00a08674    000001d7     I2C.obj (.bss)
                  00a0884b    000000c1     SELFTEST.obj (.bss)
                  00a0890c    000000b7     DEMO.obj (.bss)
                  00a089c3    00000090     LOG.obj (.bss)
                  00a08a53    000000ae     HART.obj (.bss)
                  00a08b01    000013ab     GLBLS.obj (.bss)
                  00a09eac    00000004     BUFFER.obj (.bss)
                  00a09eb0    0000027f     MODBUSRTU.obj (.bss)
                  00a0a12f    0000002b     FLASH.obj (.bss)
                  00a0a15a    00000038     EXECUTE.obj (.bss)
                  00a0a192    0000004e     VARIABLE.obj (.bss)
                  00a0a1e0    00000034     TIMER.obj (.bss)
                  00a0a214    00000717     SERIAL.obj (.bss)
                  00a0a92b    000006f4     MISC.obj (.bss)
                  00a0b01f    000001bf     MAIN.obj (.bss)
                  00a0b1de    00000064     ISR.obj (.bss)
                  00a0b242    00000059     DAC.obj (.bss)
                  00a0b29b    0000006d     ADC.obj (.bss)
                  00a0b308    00000001     pdi.lib : ceil.obj (.bss)
                  00a0b309    0000000b             : exp.obj (.bss)
                  00a0b314    00000001             : floor.obj (.bss)
                  00a0b315    00000001             : fmod.obj (.bss)
                  00a0b316    00000009             : log.obj (.bss)
                  00a0b31f    0000000a             : log10.obj (.bss)
                  00a0b329    00000011             : pow.obj (.bss)
                  00a0b33a    00000005             : sprintf.obj (.bss)
                  00a0b33f    00000005             : sscanf.obj (.bss)
                  00a0b344    00000001             : strncmp.obj (.bss)
                  00a0b345    00000001             : strncpy.obj (.bss)
                  00a0b346    00000004             : strtol.obj (.bss)
                  00a0b34a    000000a3             : _printfi.obj (.bss)
                  00a0b3ed    0000000d             : _scanfi.obj (.bss)
                  00a0b3fa    00000002             : atoi.obj (.bss)
                  00a0b3fc    00000101             : ctype.obj (.bss)
                  00a0b4fd    00000069             : ecvt.obj (.bss)
                  00a0b566    00000001             : errno.obj (.bss)
                  00a0b567    00000069             : fcvt.obj (.bss)
                  00a0b5d0    00000001             : memcpy.obj (.bss)
                  00a0b5d1    0000000d             : memory.obj (.bss)
                  00a0b5de    0000002c             : strtod.obj (.bss)
                  00a0b60a    00000003             : strtoul.obj (.bss)

.sysmem    0    0080455f    00002000     UNINITIALIZED
                  0080455f    00000001     pdi.lib : memory.obj (.sysmem)

.stack     0    00809802    000007bf     UNINITIALIZED
                  00809802    00000000     boot.obj (.stack)

initialization   0    004229e0    00005347     
                  004229e0    00000055     I2C.obj (initialization)
                  00422a35    000006d5     DEMO.obj (initialization)
                  0042310a    000000fa     HART.obj (initialization)
                  00423204    00002e2f     GLBLS.obj (initialization)
                  00426033    00000151     MODBUSRTU.obj (initialization)
                  00426184    00000023     EXECUTE.obj (initialization)
                  004261a7    0000010f     VARIABLE.obj (initialization)
                  004262b6    000000d5     TIMER.obj (initialization)
                  0042638b    00000a9a     SERIAL.obj (initialization)
                  00426e25    00000331     MISC.obj (initialization)
                  00427156    00000a5d     MAIN.obj (initialization)
                  00427bb3    00000074     DAC.obj (initialization)
                  00427c27    00000100     ADC.obj (initialization)

branch_table   0    00427d27    0000003f     
                  00427d27    0000003f     ISR.obj (branch_table)

.cinit     0    00460000    000019bc     
                  00460000    00000045     API.obj (.cinit)
                  00460045    000003a0     MENU.obj (.cinit)
                  004603e5    00000016     LCD.obj (.cinit)
                  004603fb    0000000d     I2C.obj (.cinit)
                  00460408    00000058     SELFTEST.obj (.cinit)
                  00460460    000000b9     DEMO.obj (.cinit)
                  00460519    0000006c     LOG.obj (.cinit)
                  00460585    000000a1     HART.obj (.cinit)
                  00460626    000005ee     GLBLS.obj (.cinit)
                  00460c14    00000006     BUFFER.obj (.cinit)
                  00460c1a    0000026d     MODBUSRTU.obj (.cinit)
                  00460e87    0000002c     FLASH.obj (.cinit)
                  00460eb3    0000000b     EXECUTE.obj (.cinit)
                  00460ebe    0000004c     VARIABLE.obj (.cinit)
                  00460f0a    00000033     TIMER.obj (.cinit)
                  00460f3d    000000ed     SERIAL.obj (.cinit)
                  0046102a    000004cc     MISC.obj (.cinit)
                  004614f6    000001c1     MAIN.obj (.cinit)
                  004616b7    00000066     ISR.obj (.cinit)
                  0046171d    0000004f     DAC.obj (.cinit)
                  0046176c    0000005d     ADC.obj (.cinit)
                  004617c9    00000003     pdi.lib : ceil.obj (.cinit)
                  004617cc    0000000d             : exp.obj (.cinit)
                  004617d9    00000003             : floor.obj (.cinit)
                  004617dc    00000003             : fmod.obj (.cinit)
                  004617df    0000000b             : log.obj (.cinit)
                  004617ea    0000000c             : log10.obj (.cinit)
                  004617f6    00000013             : pow.obj (.cinit)
                  00461809    00000006             : sprintf.obj (.cinit)
                  0046180f    00000007             : sscanf.obj (.cinit)
                  00461816    00000003             : strncmp.obj (.cinit)
                  00461819    00000003             : strncpy.obj (.cinit)
                  0046181c    00000006             : strtol.obj (.cinit)
                  00461822    00000025             : _printfi.obj (.cinit)
                  00461847    0000000f             : _scanfi.obj (.cinit)
                  00461856    00000004             : atoi.obj (.cinit)
                  0046185a    00000103             : ctype.obj (.cinit)
                  0046195d    00000007             : ecvt.obj (.cinit)
                  00461964    00000003             : errno.obj (.cinit)
                  00461967    00000007             : fcvt.obj (.cinit)
                  0046196e    00000003             : memcpy.obj (.cinit)
                  00461971    00000013             : memory.obj (.cinit)
                  00461984    00000032             : strtod.obj (.cinit)
                  004619b6    00000005             : strtoul.obj (.cinit)
                  004619bb    00000001     --HOLE-- [fill = 00000000]

CFG        0    00a00000    00005fa7     UNINITIALIZED
                  00a00000    000000e4     SELFTEST.obj (CFG)
                  00a000e4    0000005c     LOG.obj (CFG)
                  00a00140    0000000d     HART.obj (CFG)
                  00a0014d    00003db3     GLBLS.obj (CFG)
                  00a03f00    0000007e     VARIABLE.obj (CFG)
                  00a03f7e    00000b38     SERIAL.obj (CFG)
                  00a04ab6    00000ebb     DAC.obj (CFG)
                  00a05971    00000636     ADC.obj (CFG)

UART_ADDR   0    00c00000    00000080     UNINITIALIZED
                  00c00000    00000080     SERIAL.obj (UART_ADDR)

.data      0    00000000    00000000     UNINITIALIZED
                  00000000    00000000     API.obj (.data)
                  00000000    00000000     pdi.lib : strtoul.obj (.data)
                  00000000    00000000             : strtod.obj (.data)
                  00000000    00000000             : memory.obj (.data)
                  00000000    00000000             : memcpy.obj (.data)
                  00000000    00000000             : memccpy.obj (.data)
                  00000000    00000000             : ltoa.obj (.data)
                  00000000    00000000             : fcvt.obj (.data)
                  00000000    00000000             : errno.obj (.data)
                  00000000    00000000             : ecvt.obj (.data)
                  00000000    00000000             : ctype.obj (.data)
                  00000000    00000000             : atoi.obj (.data)
                  00000000    00000000             : _scanfi.obj (.data)
                  00000000    00000000             : _printfi.obj (.data)
                  00000000    00000000             : ldexp30.obj (.data)
                  00000000    00000000             : frexp30.obj (.data)
                  00000000    00000000             : strtol.obj (.data)
                  00000000    00000000             : strncpy.obj (.data)
                  00000000    00000000             : strncmp.obj (.data)
                  00000000    00000000             : strlen.obj (.data)
                  00000000    00000000             : strcpy.obj (.data)
                  00000000    00000000             : strcat.obj (.data)
                  00000000    00000000             : sscanf.obj (.data)
                  00000000    00000000             : sprintf.obj (.data)
                  00000000    00000000             : pow.obj (.data)
                  00000000    00000000             : log10.obj (.data)
                  00000000    00000000             : log.obj (.data)
                  00000000    00000000             : fmod.obj (.data)
                  00000000    00000000             : floor.obj (.data)
                  00000000    00000000             : exp.obj (.data)
                  00000000    00000000             : ceil.obj (.data)
                  00000000    00000000             : mpyld.obj (.data)
                  00000000    00000000             : mpyk.obj (.data)
                  00000000    00000000             : mpyi.obj (.data)
                  00000000    00000000             : modu.obj (.data)
                  00000000    00000000             : modi.obj (.data)
                  00000000    00000000             : modf30.obj (.data)
                  00000000    00000000             : divu.obj (.data)
                  00000000    00000000             : divld.obj (.data)
                  00000000    00000000             : divi.obj (.data)
                  00000000    00000000             : divf.obj (.data)
                  00000000    00000000     ADC.obj (.data)
                  00000000    00000000     DAC.obj (.data)
                  00000000    00000000     ISR.obj (.data)
                  00000000    00000000     MAIN.obj (.data)
                  00000000    00000000     MISC.obj (.data)
                  00000000    00000000     SERIAL.obj (.data)
                  00000000    00000000     TIMER.obj (.data)
                  00000000    00000000     VARIABLE.obj (.data)
                  00000000    00000000     EXECUTE.obj (.data)
                  00000000    00000000     FLASH.obj (.data)
                  00000000    00000000     LIST.obj (.data)
                  00000000    00000000     MODBUSRTU.obj (.data)
                  00000000    00000000     BUFFER.obj (.data)
                  00000000    00000000     FLOAT1.obj (.data)
                  00000000    00000000     GLBLS.obj (.data)
                  00000000    00000000     HART.obj (.data)
                  00000000    00000000     boot.obj (.data)
                  00000000    00000000     LOG.obj (.data)
                  00000000    00000000     DEMO.obj (.data)
                  00000000    00000000     SELFTEST.obj (.data)
                  00000000    00000000     ETC.obj (.data)
                  00000000    00000000     I2C.obj (.data)
                  00000000    00000000     LCD.obj (.data)
                  00000000    00000000     MENU.obj (.data)

.xref      0    00000000    0003644a     COPY SECTION
                  00000000    00000bfd     API.obj (.xref)
                  00000bfd    0000c699     MENU.obj (.xref)
                  0000d296    00000504     LCD.obj (.xref)
                  0000d79a    000004ec     I2C.obj (.xref)
                  0000dc86    00000016     ETC.obj (.xref)
                  0000dc9c    00000ab9     SELFTEST.obj (.xref)
                  0000e755    00000c82     DEMO.obj (.xref)
                  0000f3d7    00000dad     LOG.obj (.xref)
                  00010184    00000040     boot.obj (.xref)
                  000101c4    00003826     HART.obj (.xref)
                  000139ea    00007577     GLBLS.obj (.xref)
                  0001af61    0000001e     FLOAT1.obj (.xref)
                  0001af7f    000001c8     BUFFER.obj (.xref)
                  0001b147    000076fa     MODBUSRTU.obj (.xref)
                  00022841    00000118     LIST.obj (.xref)
                  00022959    00000648     FLASH.obj (.xref)
                  00022fa1    000001a7     EXECUTE.obj (.xref)
                  00023148    00001465     VARIABLE.obj (.xref)
                  000245ad    00000604     TIMER.obj (.xref)
                  00024bb1    00001837     SERIAL.obj (.xref)
                  000263e8    0000c0b7     MISC.obj (.xref)
                  0003249f    00001f31     MAIN.obj (.xref)
                  000343d0    000008bb     ISR.obj (.xref)
                  00034c8b    00000b42     DAC.obj (.xref)
                  000357cd    00000c7d     ADC.obj (.xref)


GLOBAL SYMBOLS

address  name                             address  name
-------- ----                             -------- ----
00a08000 .bss                             00000000 .data
00000000 .data                            00000000 ___data__
00430000 .text                            00000000 edata
0042002f C$$DONE                          00000000 ___edata__
0044a356 DIV_F30                          000007bf __STACK_SIZE
0044a37e DIV_I30                          00002000 __SYSMEM_SIZE
0044a3a2 DIV_LD                           00420000 _c_int00
0044a3e6 DIV_U30                          0042002c _call_to_main
0044a423 MOD_I30                          0042002f C$$DONE
0044a444 MOD_U30                          00420036 _MENU_PAGE_USER
0044a46d MPY_I30                          0042003e _MENU_PAGE_NORMAL
0044a47b MPY_K30                          00420051 _MENU_PAGE_TECH
0044a484 MPY_LD                           004219c3 _anademo
00a0b2a7 _ADC_ACTIVE                      004219e9 _copyright
00a0b29b _ADC_INT                         00421a12 _credit
00a0211e _ADC_TRIM_F_0                    004229e0 _RTC_setup
00a0212a _ADC_TRIM_F_1                    00422a35 _lowdemo
00a039cf _ADC_TRIM_I_0                    00422a5b _middemo
00a039dc _ADC_TRIM_I_1                    00422a81 _highdemo
0044a1a1 _ADC_UPDATE                      00422b00 _fulldemo
00a05971 _AI                              00422b7f _DEMO_Init
00a0025a _ALFAT_APPEND_LF                 0042310a _HART_Initialize
00a039ef _ALFAT_INITIALIZED               00423204 _Setup_Basics
0080216e _ALFAT_INIT_ALL                  00426033 _Modbus_Initialize
00a010a3 _ALFAT_LOG_DAY                   00426184 _Execute_Init
0080216f _ALFAT_NO_ERROR                  004261a7 _VAR_DAMP_Init
00802170 _ALFAT_RX                        004261f1 _VAR_Initialize
0080231c _ALFAT_STATUS_REG                00426290 _VAR_Setup_Unit
008021f0 _ALFAT_TX                        004262b6 _Setup_Timer
00a03d7f _ALFAT_USB_DETECTED              0042638b _Setup_Serial_Port0
00a03bfc _ALFAT_USB_MOUNTED               004263bb _Setup_UART
00a0337a _ALFAT_WRITE_HEADER              0042676e _Set_Baud
00a00f83 _ALYESKA                         004267b6 _Port_Defaults
00a03c46 _AMETEK                          00426e25 _Calc_CRC
00a01dac _ANALOGIO                        00426e79 _Initialize_Periodic_Events
00a03bff _ANALYZER                        00427156 _Initialize_Variables
00a010a8 _ANALYZER_MODE                   0042796a _Initialize_Hardware
00a04ab6 _AO                              00427bb3 _Setup_DAC
004303c0 _API_15C_PT                      00427c27 _Setup_ADC
00430174 _API_60F_PT                      00427d27 _INT0
0043060d _API_PT_ST                       00427d28 _INT1
00430139 _API_STATUS                      00427d29 _INT2
00430000 _API_VCF                         00427d2a _INT3
0043073c _API_to_kgm3                     00427d2b _XINT0
00448a54 _ASCII_to_Hex                    00427d2c _RINT0
00a0345b _AVG_RESET                       00427d2f _TINT0
00a08de6 _AVG_TEMP                        00427d30 _TINT1
004455b0 _Accum_Fractional_Gas            00430000 .text
004454ea _Accum_Fractional_Oil            00430000 ___text__
0044554d _Accum_Fractional_Water          00430000 _API_VCF
00445940 _Accumulate                      00430139 _API_STATUS
004458ba _Accumulate_Gas                  00430174 _API_60F_PT
004493d6 _Alfat_Change_Log_Period         004303c0 _API_15C_PT
004491ca _Alfat_Close                     0043060d _API_PT_ST
00449211 _Alfat_Flush                     00430728 _kgm3_to_API
00449068 _Alfat_Get_Date_Vector           0043073c _API_to_kgm3
0044902e _Alfat_Get_Date                  00430751 _MENU_INIT
004490b0 _Alfat_Get_Status_Reg_Vector     004307e3 _MENU_REFRESH
00449084 _Alfat_Get_Status_Reg            00430b9d _Update_Flags_Goto_Next_Menu
00448fd8 _Alfat_Get_Time                  00430be1 _MSVE_Data_Input
00449012 _Alfat_Get_Time_Vector           00431084 _MENU_PAGE_CPYRT
00448ac8 _Alfat_Get_Version_Vector        0043110f _MENU_PAGE_RESTART
00448a99 _Alfat_Get_Version               00431174 _MENU_PAGE_RESTORE_FACTORY_DEFAULTS
00448d25 _Alfat_Init_All                  0043126d _MENU_PAGE_DIAG
00448d3e _Alfat_Init_RTC                  004313b1 _MENU_PAGE_MAIN
00448f4a _Alfat_Init_USB_Vector           004319c1 _MENU_PAGE_STREAM_SELECT
00448ef8 _Alfat_Init_USB                  00431a06 _MENU_PAGE_PHASE_HOLDOVER
00448ae4 _Alfat_Log_Vars                  00431a5c _MENU_PAGE_NUMSAMP
00449382 _Alfat_Map_Var                   00431a95 _MENU_PAGE_ALYESKA_PLC_DATA_ADDR
00449115 _Alfat_Open_Append               00431ac9 _MENU_PAGE_SALINITY
00449185 _Alfat_Open_Append_Vector        00431b29 _MENU_FORCE_PHASE
00448d8a _Alfat_Print_Time_Date           00431c52 _MENU_PAGE_T_UNIT
00448e32 _Alfat_Set_Time_Date             00431d94 _MENU_PAGE_T_ADJ
00448ee5 _Alfat_Set_Time_Date_Vector      00431dd9 _MENU_PAGE_T_AVG
00449357 _Alfat_Wait_For_Write            00431e34 _MENU_PAGE_CHPW_WPROT
0044930b _Alfat_Write_Vector              00431eea _MENU_PAGE_CHPW_TECH_MODE
0044925b _Alfat_Write                     00431fa0 _MENU_PAGE_UNLOCK_WPROT
00448a1e _BCD_to_Int                      0043206b _MENU_PAGE_GOTO_TECH_MODE
00444b74 _BEEP_OFF                        00432129 _MENU_PAGE_LOW_SALT_MODE
00444b83 _BEEP_ON                         004321e0 _MENU_PAGE_LOW_SALT_THRESHOLD
00a00892 _BEGIN_ALFAT_LOGGING             0043222f _MENU_PAGE_OIL_ADJ
00a00fc7 _BOXCAR_RESET                    004322d2 _MENU_PAGE_WATER_ADJ
00a039e8 _BULK_LEVEL_ENABLED              00432326 _MENU_PAGE_ALARM_LO
0044939d _Begin_Alfat_Logging             0043235f _MENU_PAGE_ALARM_HI
00440f68 _Breakout_Flow_Units             00432378 _MENU_PAGE_WATER_IDX
00a038b1 _CALC_WC_DENSITY                 004323cc _MENU_PAGE_WATER_LO
00a00c48 _CAP_OIL_STOP                    00432420 _MENU_PAGE_WATER_HI
00a017e0 _CAP_WATER_STOP                  00432474 _MENU_PAGE_OIL_IDX
00a08de8 _CCMREC                          004324c4 _MENU_PAGE_OIL_LO
00a08d89 _CCM_24_GAS                      00432514 _MENU_PAGE_OIL_HI
00a08ba6 _CCM_24_OIL                      00432564 _MENU_PAGE_OIL_P1
00a0913a _CCM_24_TOTAL                    0043259d _MENU_PAGE_OIL_P0
00a08bae _CCM_24_WATER                    004325d6 _MENU_PAGE_CAPTURE_OIL
00a0051b _CCM_2GAS                        0043270a _MENU_PAGE_CAPTURE_WATER
00a004c1 _CCM_2LIQ                        00432839 _MENU_PAGE_CAL_OIL
00a08ba2 _CCM_CNT                         00432889 _MENU_PAGE_CAL_WATER
00a039db _CCM_CORRECT_GAS_TO_STP          004328dd _MENU_PAGE_WATERCUT_RAW
00a03567 _CCM_CORRECT_LIQ_HEIGHT          004329ae _MENU_PAGE_AVGACCUM
00a007f1 _CCM_DURATION                    00432a58 _MENU_PAGE_ACCUMN
00a08fdc _CCM_ELAPSED_S                   00432b67 _MENU_PAGE_ACCUMG
00a08de5 _CCM_GAS_CNT                     00432c73 _MENU_PAGE_FLOW
00a0322a _CCM_GAS_DENSITY                 00432d79 _MENU_PAGE_NET_FLOW
00a004ef _CCM_GAS_DENSITY_INPUT           00432e7f _MENU_DENSITY
00a01e12 _CCM_GAS_FLOW                    0043303a _MENU_PAGE_DENSITY
00a021eb _CCM_GAS_LIVE_DENSITY            004331d5 _MENU_TIME_DATE
00a03a97 _CCM_GAS_MASS                    004333dc _MENU_PAGE_INFO
00a03a26 _CCM_GAS_TEMPERATURE             004335a3 _MENU_PAGE_PORT_CFG
00a00cb9 _CCM_GAS_TOTAL                   00434093 _MENU_RELAY_CFG
00a0088e _CCM_PURGE                       00434957 _MENU_AI_CFG
00447227 _CCM_PURGING                     004354ad _MENU_AO_CFG
00a08d14 _CCM_REMAINING                   00436721 _MENU_PAGE_TRIM_RTD_SELECT
00a08ba1 _CCM_REMAINING_S                 00436a8e _MENU_OIL_CALC_MODE
00a089c3 _CCM_Records                     00436aa5 _MENU_DENSITY_CORRECTION
00446f3b _CCM_Record_Viewer               00436bf7 _MENU_Density_D3
00a0013e _CCM_Record_view                 00436c4f _MENU_Density_D2
00a08bb1 _CCM_Record                      00436ca7 _MENU_Density_D1
00a03ec1 _CCM_SETPOINT_L1                 00436cff _MENU_Density_D0
00a00179 _CCM_SETPOINT_L2                 00436d57 _MENU_Density_Cal_Unit
00a01625 _CCM_SETPOINT_LEVEL              00436df9 _MENU_Density_Cal
00a00365 _CCM_SETPOINT_P1                 00436e4d _MENU_DCM_PORT
00a003d8 _CCM_SETPOINT_P2                 00436f2b _MENU_DCM_CFG_DAMP_FR
00a004c3 _CCM_SETPOINT_PRESSURE_MAX_OVER  00436f7f _MENU_DCM_CFG_DAMP_DENSITY
00a038b7 _CCM_SETPOINT_PRESSURE           00436fd3 _MENU_DCM_CFG_CUTOFF
00447305 _CCM_START                       00437060 _MENU_DCM_ZERO
0044707c _CCM_TESTING                     00437113 _MENU_Density_ADJ
00a0913c _CCM_TIME_ELAPSED                004371ad _MENU_FC_PRESSURE_UNIT
00a08d8b _CCM_TIME_REMAINING              004372c8 _MENU_FC_TEMP_UNIT
00a08bd6 _CCM_TIME_START                  004373e3 _MENU_FC_DENSITY_UNIT
00a08d95 _CCM_TIME_STOP                   004374fe _MENU_FC_ACCUM_UNIT
00a006e6 _CCM_VESSEL_LEVEL                00437624 _MENU_FC_FLOW_UNIT
00a00b8b _CCM_VESSEL_MAX_LEVEL            00437743 _MENU_FC_FLOW_CLASS
00a009af _CCM_VESSEL_PRESSURE             0043780d _MENU_FC_EMUL_DENSITY
00a08baf _CHANGE                          00437873 _MENU_FC_SALINITY
00444bf9 _CLEAR_LOCKOUT                   004378e1 _MENU_FC_WATERCUT
00443720 _CLEAR_PORT_COUNT                0043794d _MENU_FC_PRESSURE
004412c9 _CLEAR_TIME                      004379b3 _MENU_FC_TEMP
00a08b26 _CLOCK                           00437a21 _MENU_FC_FLOW
00a004c2 _COEFF_C0                        00437a8f _MENU_FC_WATER_DENSITY_PT
00a0060f _COEFF_D1                        00437afd _MENU_FC_WATER_DENSITY_ST
00a0062f _COEFF_D2                        00437b63 _MENU_FC_OIL_DENSITY_PT
00a021e1 _COEFF_FA1                       00437bd1 _MENU_FC_OIL_DENSITY_ST
00a021e5 _COEFF_FA2                       00437c37 _MENU_FC_SHRINKAGE
00a0221e _COEFF_FB1                       00437c9d _MENU_FC_METER_FACTOR
00a0221f _COEFF_FB2                       00437cff _MENU_FC_ENABLE_NET
00a010a2 _COEFF_IPA1                      00437daf _MENU_FC_ENABLE_DENSITY
00a010a7 _COEFF_IPA2                      00437e5f _MENU_FC_ENABLE_PULSE
00a015b4 _COEFF_IPB1                      00437f0f _MENU_FC_ENABLE_GROSS
00a015e8 _COEFF_IPB2                      00437fbf _MENU_FC_ENABLE_FLOW
00a021e6 _COEFF_RPA1                      0043806f _MENU_FC_USE_PDI_TEMP
00a021ea _COEFF_RPA2                      00438138 _MENU_FC_USE_PDI_SALINITY
00a02224 _COEFF_RPB1                      00438201 _MENU_FC_USE_PDI_WATERCUT
00a02226 _COEFF_RPB2                      004382c4 _MENU_FC_API_TABLE
00a01103 _COEFF_SALT_TEMP_WATER           004383b3 _MENU_FC_DENSITY_ADJ
00a01102 _COEFF_T1                        0043846f _MENU_FC_API_C_ALPHA
00a015b3 _COEFF_T2                        00438536 _MENU_FC_MAN_FLOW
00a03b86 _COEFF_TEMP_OIL                  004385e6 _MENU_FC_MAN_TEMP
00a003d1 _COMM                            004386af _MENU_FC_MAN_WATERCUT
00446ca8 _CORIOLIS_CFG                    00438774 _MENU_FC_MAN_PRESSURE
00a09147 _COR                             00438824 _MENU_FC_MAN_DENSITY
00446d35 _CORIOLIS_INT_CFG                004388d4 _MENU_FC_MAN_SALINITY
00446dc9 _CORIOLIS_ZERO1                  0043899d _MENU_FC_PULSES_PER_VOL_UNIT
00446e43 _CORIOLIS_ZERO2                  00438a83 _MENU_FLOW_COMPUTER
00446e6f _CORIOLIS_ZERO3                  00438c76 _Get_Russ_Line
00446ea0 _CORIOLIS_ZERO4                  00438ce9 _Print_To_LCD
004486ab _CRC16_bytes                     00438d08 _Find_Russ_Tbl_Len
0080231d _CRC16                           00438d26 _MENU_USB_LOGGING
00a03256 _CRC_APP                         00438e76 _MENU_LOGGING_PERIOD
00a006b5 _CRC_BOOT                        00438eda _LCD_INIT
00a01089 _CRC_FAST                        00438f3f _Write_DS1340
00a00494 _CRC_INIT                        00438fbb _Read_DS1340
00a08d7b _CURRENT_OSC                     0043903b _Clear_Diagnostics
00426e25 _Calc_CRC                        00439058 _Set_Diag_Status
004433a4 _Calibrate_OIL                   0043940a _DataLogUserClearFlag
00443b82 _Calibrate_RTD                   00439414 _DataLogSysClearFlag
00443450 _Calibrate_WATER                 0043941e _HART_5
00a00ac9 _Cap_Oil                         00439478 _HART_VAR_STAT
00a0187d _Cap_Records                     004394a3 _HART_Lookup
00a00f48 _Cap_Water                       004394e3 _HART_Lookup_n
00443979 _Capture_Watercut_Oil            004394fe _HCFG_CHANGE
0044392e _Capture_Watercut_Water          00439532 _HART_Send_Response
00801f64 _CfgLog                          0043b775 _HART_BURST_REPEAT
004486dd _Check_Boxcar_Limits             0043b788 _HART_Burst
004453ec _Check_Zero                      0043b7ec _HART_RX_CKSUM
00444f86 _Clear_Accumulator               0043b9e5 _HART_RX_N_DATA
00445196 _Clear_Accumulators              0043ba23 _HART_RX_N
0080240c _Clear                           0043ba73 _HART_RX_COMMAND
0043903b _Clear_Diagnostics               0043baa7 _HART_RX_EXPANSION_BYTES
00800115 _Clear_RX                        0043baea _HART_RX_SHORT_ADDRESS
00440b7e _Convert                         0043bb31 _HART_RX_LONG_ADDRESS
00449ccb _Convert_ADC                     0043bb8d _HART_RX_DELIMITER
00443f9d _CopyTempVars                    0043bc7d _FLOAT_TABLE
00443233 _Copy_CAPDATA                    0043bc87 _FMIEEE
00a0b242 _DAC_INT                         0043bc94 _TOIEEE
00a01d2d _DAC_TRIM_F_0                    0043bcf4 _MB_exception
00a01d70 _DAC_TRIM_F_1                    0043bd4d _MB_Diag
00a03595 _DAC_TRIM_I_0                    0043be16 _Force_Slave_Pipe
00a035a3 _DAC_TRIM_I_1                    0043bece _Report_Slave_Info
00a03f03 _DAMP                            0043bf8a _Process_Memory
00a00250 _DATA_CHANGE                     0043c070 _Process
00a08b9e _DB_IP_RP_O                      0043d7f5 _MB_Calibrate
00a08ba5 _DB_IP_RP_W                      0043d9a0 _MB_POLL_0
00a01877 _DCM_PORT                        0043d9aa _MB_POLL_1
00a03c73 _DEMO_ANALYZER_MODE              0043d9b4 _MB_POLL_2
00a02220 _DEMO                            0043d9be _MB_POLL_3
00422b7f _DEMO_Init                       0043d9c8 _MB_POLL_4
00a088b2 _DIAGNOSTICS                     0043d9d2 _MB_POLL_5
00a0884b _DIAGNOSTICS_ERROR_CODE          0043d9dc _MB_POLL_6
00a000df _DIAGNOSTICS_MASK                0043d9e6 _MB_POLL_7
00a088b1 _DIAGNOSTICS_MSG_CODE            0043d9f0 _MB_RETRY_0
00a088b4 _DIAG_TEMP                       0043d9fa _MB_RETRY_1
00a000dc _DIO_ALARM                       0043da04 _MB_RETRY_2
00a03333 _DIO_ANALOGIO_GET                0043da0e _MB_RETRY_3
00a01eb0 _DIO_ANALOGIO_SET                0043da18 _MB_RETRY_4
00a0211b _DIO_ANALYZER_GET                0043da22 _MB_RETRY_5
00a01879 _DIO_ANALYZER_SET                0043da2c _MB_RETRY_6
00a00bef _DIO_AUX_FREQ_MODE               0043da36 _MB_RETRY_7
00a00493 _DIO_Autosave_on_pair_boundary   0043da40 _MB_POLL
00a00257 _DIO_BEEP                        0043dcca _MB_RETRY
00a01d7d _DIO_BUILT_IN_TEST_ENABLE        0043dee8 _MB_Init_Master
00a00c7a _DIO_BUILT_IN_TEST               0043e41c _MB_RX
00a010a4 _DIO_CAP_OIL                     0043e6b5 _MB_RX_MCFU1
00a00254 _DIO_CAP_WATER                   0043e6eb _MB_RX_MCFU2
00a00c77 _DIO_CCM_PURGE_STAT              0043e721 _MB_RX_MCFU3
00a03c43 _DIO_CCM_PURGE_TIME              0043e757 _MB_RX_MCFU4
00a01d6a _DIO_CCM_START                   0043e78d _MB_RX_COR0CFGA
00a03d7c _DIO_CLEAR_COUNTERS              0043e7b7 _MB_RX_COR1CFGA
00a002fe _DIO_CLEAR_PORT_COUNT            0043e7e1 _MB_RX_COR2CFGA
00a03458 _DIO_COMM_GET                    0043e80b _MB_RX_COR3CFGA
00a021e2 _DIO_COMM_SET                    0043e835 _MB_RX_COR0CFGB
00a00454 _DIO_DISPLAY_GET                 0043e869 _MB_RX_COR1CFGB
00a03ebe _DIO_DISPLAY_SET                 0043e89d _MB_RX_COR2CFGB
00a0088f _DIO_DUMMY                       0043e8d1 _MB_RX_COR3CFGB
00a000e1 _DIO_ERROR                       0043e905 _MB_RX_COR4CFGB
00a01765 _DIO_HART_5                      0043e939 _MB_RX_COR0CFGC
00a039ec _DIO_HEATER_DISABLE              0043e96d _MB_RX_COR1CFGC
00a00222 _DIO_IDEC_ENABLE                 0043e9a1 _MB_RX_COR2CFGC
00a00882 _DIO_LOCK                        0043e9d5 _MB_RX_COR3CFGC
00a00f18 _DIO_MANUAL_RESET                0043ea09 _MB_RX_COR0CFGD
00a03efd _DIO_MOTHERBOARD_GET             0043ea3f _MB_RX_COR1CFGD
00a03acb _DIO_MOTHERBOARD_SET             0043ea75 _MB_RX_COR2CFGD
00a08260 _DIO_MSVE                        0043eaab _MB_RX_COR3CFGD
00a039a0 _DIO_PORT_DEFAULTS               0043eae1 _MB_RX_COR0CFG
00a03bae _DIO_PORT_IGNORE_DATA_EXCEPTION  0043eb74 _MB_RX_COR1CFG
00a01e0e _DIO_POWER_GET                   0043ec07 _MB_RX_COR2CFG
00a0172e _DIO_POWER_SET                   0043ec9a _MB_RX_COR3CFG
00a00253 _DIO_PV_PERCMASS                 0043ed2d _MB_RX_2
00a038ae _DIO_RESEARCH_MODE               0043ee5c _MB_RX_3
00a03843 _DIO_RESET_FACTORY_DEFAULTS      0043eea3 _MB_RX_COR1COILS
00a01ddf _DIO_RESTORE_BASICS              0043eed6 _MB_RX_COR2COILS
00a03971 _DIO_RESTORE_USER_CONFIG         0043ef09 _MB_RX_5
00a02221 _DIO_SAVE_FACTORY_CONFIG         0043f01c _Xlate_COR_Special_Units
00a00ff4 _DIO_SAVE_USER_CONFIG            0043f0be _MB_RX_CT1
00a006e3 _DIO_SYSTEM_RESET                0043f0ca _MB_RX_CT2
00a038b4 _DIO_SYSTEM_RESTART              0043f0d6 _MB_RX_CT3
00a00353 _DIO_TEMP_C                      0043f0e2 _MB_RX_CT4
00a015e2 _DIO_TIME_RESET                  0043f0ee _MB_RX_CA1
00a015e5 _DIO_TOTALIZER_CONTROL           0043f16e _MB_RX_CA2
00a0102e _DIO_uP_GET                      0043f1ee _MB_RX_CA3
00a00b04 _DIO_uP_SET                      0043f26e _MB_RX_CA4
00a08b28 _DIPSWITCH                       0043f2ee _MB_RX_CAP1
00a00ff7 _DISPLAY                         0043f353 _Xlate_3095_P_units
00a08d94 _DUMMY                           0043f386 _Xlate_3095_T_units
00a03940 _DUMMY_COIL                      0043f3a1 _MB_RX_C1
00801e15 _DataLogCounters                 0043f5f8 _MB_RX_C2
00801d81 _DataLogCounter                  0043fa2f _MB_RX_C3
00801e41 _DataLogUser                     0043fc4e _MB_RX_C4
00801f14 _DataLog                         0043ff6c _MB_RX_C5
00439414 _DataLogSysClearFlag             00440329 _MB_TX_A_PLC
0043940a _DataLogUserClearFlag            00440405 _Master_Create
00449454 _Debug                           0044044b _Execute_Insert
00a00316 _DensityCFD_D1                   004404be _Execute
00a03b83 _DensityCFT_D1                   0044052a _VAR_Copy
00a03944 _DensityCF_D0                    004405f3 _VAR_Update
00a03b84 _Density_Cal_Unit                00440738 _VAR_Set_Unit
00a0184b _Density_Cal                     00440759 _VAR_Set_Unit_Param
00a03ac9 _Density_Correction_Mode         004407f4 _VAR_Get_Unit_Param
00a00a08 _Density_D0                      0044088b _VAR_NaN
00a00a61 _Density_D1                      004408d9 _VAR_DAMP
00a00ad8 _Density_D2                      0044096c _f_compare
00a00b5f _Density_D3                      00440991 _l_compare
00445606 _Disable_Heater                  004409c2 _VAR_CheckSet_Bounds
00444f5e _Disable_PDI_WC_Mode             00440ab0 _VAR_Check_Bounds
00444f72 _Disable_WC_Density_Mode         00440add _Get_Unit_Coeff
00a03a53 _ENABLED                         00440b7e _Convert
00a082a2 _ENG_STR                         00440ca0 _Get_Prev_Unit
00a08261 _ENG_STR2                        00440d04 _Get_Next_Unit
00a08b03 _ESN_MFGR                        00440d67 _Get_Unit
00a08ba9 _ESN_USER                        00440dc8 _Get_Class
00a0334a _EXP_FREQ                        00440e03 _Time_Scale_Flow
00a03b53 _EXTENDED_FW_VERSION_ENABLE      00440f68 _Breakout_Flow_Units
00a00f1b _EXTUNE                          004410d4 _Join_MassTime_Units
00a0187c _EXT_ANALOG_OUT                  00441156 _Timer_Create
00a0884c _E_STRING                        00441197 _Setup_Gate
00801fac _EraseEntireLog                  0044124c _GET_TIME
00801b0f _EraseSector                     004412c9 _CLEAR_TIME
00426184 _Execute_Init                    004412e4 _No_Port
0044044b _Execute_Insert                  00441316 _Poll
004404be _Execute                         00443004 _FS
00a02253 _FC                              00443038 _FS2
00a089dd _FC_Periodic                     0044308c _Span
00a006b6 _FINAL_ASSY                      004430be _Setup_Sample
00802aff _FLASH_CHECK_ADDR                0044310e _Refresh_IDEC_Time
00802bc0 _FLASH_ERASE_BLK                 00443161 _Reset_IDEC
00802b7f _FLASH_LOCK_BLK                  0044316d _Set_IDEC_Port
00802def _FLASH_LOCK_ESN_USER             0044318a _Set_Time
00802cfa _FLASH_READ_ESN_MFGR             00443200 _Set_Density_Correction
00802d37 _FLASH_READ_ESN_USER             00443233 _Copy_CAPDATA
00802a84 _FLASH_SIZE                      004433a4 _Calibrate_OIL
00802c95 _FLASH_STATUS                    00443450 _Calibrate_WATER
00802c15 _FLASH_WRITE_BLK                 00443720 _CLEAR_PORT_COUNT
00802d74 _FLASH_WRITE_ESN_USER            00443742 _Get_CAPDATA
0043bc7d _FLOAT_TABLE                     0044392e _Capture_Watercut_Water
0043bc87 _FMIEEE                          00443979 _Capture_Watercut_Oil
00a02225 _FREQ_FACTOR                     004439b9 _PVAVG24
00a08bd4 _FREQ_O                          00443a57 _PV_AVERAGE
00a08d16 _FREQ_W                          00443aa9 _System_Reset
00443038 _FS2                             00443ab6 _System_Restart
00443004 _FS                              00443abe _Set_Temperature_Unit
008020d1 _FindLastLogRecord               00443aed _Set_ASCII_Temp_Unit
00801fff _FindNextLogIndex                00443b82 _Calibrate_RTD
00438d08 _Find_Russ_Tbl_Len               00443ba6 _RESEARCH
0043be16 _Force_Slave_Pipe                00443f9d _CopyTempVars
00444143 _Freq_oil_plot_max               0044411d _Freq_oil_plot_min
0044411d _Freq_oil_plot_min               00444143 _Freq_oil_plot_max
0044418f _Freq_water_plot_max             00444169 _Freq_water_plot_min
00444169 _Freq_water_plot_min             0044418f _Freq_water_plot_max
00a03a52 _GAS_DENSITY_INPUT_ENABLED       004441b5 _Temp_plot_min
00a002f3 _GAS_ENTRAINED                   004441d3 _Temp_plot_max
00a0025c _GAS_ENTRAINED_DENS_DETECT       004441f1 _Watercut_plot_min
00a03c06 _GAS_ROUTINE_ENABLE              0044420f _Watercut_plot_max
00a03e82 _GAS_VALVE_D                     0044422d _Oil_RP_plot_min
00a001e5 _GAS_VALVE_I                     00444253 _Oil_RP_plot_max
00a0025f _GAS_VALVE_P                     00444279 _Water_RP_plot_min
00a0a1e2 _GATE_TIMEOUT                    0044429f _Water_RP_plot_max
00a00905 _GATE_TIME                       004442c5 _Timer_T
00447b7b _GET_ANALOGIO_CONFIG             004442da _Send_Sample
0044758f _GET_ANALYZER_CONFIG             004444ab _Interpolate
0044812e _GET_COMM_CONFIG                 004444cd _Set_Research_Mode
00448368 _GET_DISPLAY_CONFIG              004444e9 _UnLock_P0
00448485 _GET_MOTHERBOARD_CONFIG          004444f5 _UnLock_P1
0044824b _GET_POWER_CONFIG                00444501 _UnLock_P2
0044124c _GET_TIME                        0044450d _UnLock_P3
00447f82 _GET_uP_CONFIG                   00444519 _UnLock_P4
0044865b _GetFlt                          00444525 _UnLock_P
004485ff _GetInt                          0044459c _Put_IEEE
00802389 _Get                             004445dd _Unpack_ASCII
00443742 _Get_CAPDATA                     00444687 _Pack_ASCII
00440dc8 _Get_Class                       0044472a _Reset_PID_Bias
00440d04 _Get_Next_Unit                   00444741 _Mirror_To_Stream_Table
00440ca0 _Get_Prev_Unit                   0044488d _Mirror_From_Stream_Table
00438c76 _Get_Russ_Line                   00444b74 _BEEP_OFF
00440add _Get_Unit_Coeff                  00444b83 _BEEP_ON
00440d67 _Get_Unit                        00444ba7 _STATUS_LED_on
0043941e _HART_5                          00444be4 _STATUS_LED_off
00a00148 _HART_BURST_CMD                  00444bf9 _CLEAR_LOCKOUT
00a08a61 _HART_BURST_MASTER_SEL           00444c03 _Submit_Setup_Basics
00a00141 _HART_BURST_MODE                 00444c10 _Submit_Write_CFG_USER
0043b775 _HART_BURST_REPEAT               00444c1d _Submit_Write_CFG_FACTORY
00a00142 _HART_BURST_VAR_LIST             00444c2a _Submit_Restore_CFG_USER
0043b788 _HART_Burst                      00444c37 _Submit_Restore_CFG_FACTORY
0044f5fb _HART_DD_Table                   00444c44 _Submit_SELF_TEST
0044f61b _HART_DPF_Table                  00444c51 _Submit_Reset
0044f5e1 _HART_DPI_Table                  00444c5e _Submit_Serial_Defaults
0044f70b _HART_DVINPUT_Table              00444c64 _Serial_Defaults
0044f636 _HART_DVI_Table                  00444c71 _Submit_Restart
0044f6d1 _HART_DVOUTPUT_Table             00444c7e _SET_BASICS
0044f63c _HART_DV_Table                   00444c8c _STAT
0042310a _HART_Initialize                 00444c95 _Restore_CFG_USER
004394a3 _HART_Lookup                     00444ca0 _Restore_CFG_FACTORY
004394e3 _HART_Lookup_n                   00444cdb _Restore_CFG
0043b7ec _HART_RX_CKSUM                   00444d40 _Write_CFG_USER
0043ba73 _HART_RX_COMMAND                 00444d84 _Write_CFG_FACTORY
0043bb8d _HART_RX_DELIMITER               00444ddd _Update_Relays
0043baa7 _HART_RX_EXPANSION_BYTES         00444f40 _Zero_FC1
0043bb31 _HART_RX_LONG_ADDRESS            00444f4a _Zero_FC2
0043b9e5 _HART_RX_N_DATA                  00444f54 _Zero_FC3
0043ba23 _HART_RX_N                       00444f5e _Disable_PDI_WC_Mode
0043baea _HART_RX_SHORT_ADDRESS           00444f72 _Disable_WC_Density_Mode
00439532 _HART_Send_Response              00444f86 _Clear_Accumulator
00a00149 _HART_VAR_LIST                   00445196 _Clear_Accumulators
00439478 _HART_VAR_STAT                   00445313 _Totalizer_Control
004394fe _HCFG_CHANGE                     004453ec _Check_Zero
00a00140 _HCHANGE_COUNTER                 0044540c _truncate
00a00146 _HCHANGE                         0044543e _round
00a08a54 _HCOLD                           0044547a _sigfig
00447537 _HSALT_CLEAR                     004454ba _PULSE_UPDATE
00a03e46 _HSALT_ENABLE                    004454ea _Accum_Fractional_Oil
00a002f7 _HSALT_FREQ_TRIGGER              0044554d _Accum_Fractional_Water
00a03baf _HSALT                           004455b0 _Accum_Fractional_Gas
00a00317 _HSALT_MIN_FLOW                  00445606 _Disable_Heater
00a01ea3 _HSALT_TEMP_TRIGGER              00445622 _Set_Class_Units_AO1
00a09145 _HW_VER                          0044562e _Set_Class_Units_AO2
00448a78 _Hex32_to_String                 0044563a _Set_Class_Units_AO3
00448a39 _Hex_to_ASCII                    00445646 _Set_Class_Units_AO4
00a008d9 _Hsalt_Min_WC                    00445652 _Set_Class_Units_AO5
00801540 _I2C_RX_BYTE                     0044565e _Set_Class_Units_AO6
008011b4 _I2C_RX_BYTE_5                   0044566a _Set_Class_Units_AO7
00801158 _I2C_TX_BYTE_5                   00445676 _Set_Class_Units_AO8
008014e4 _I2C_TX_BYTE                     00445682 _Set_Class_Units_AO9
00a08b25 _IDEC_PORT                       0044568e _Set_Class_Units_AO
00a08dcb _IDEC_SA                         004456b9 _Set_Class_Units_AI1
00a08fd3 _INITIALIZING                    004456c5 _Set_Class_Units_AI2
00427d27 _INT0                            004456d1 _Set_Class_Units_AI3
00427d28 _INT1                            004456dd _Set_Class_Units_AI4
00427d29 _INT2                            004456e9 _Set_Class_Units_AI5
00427d2a _INT3                            004456f5 _Set_Class_Units_Pulse1
00a08fd2 _IP_O                            00445701 _Set_Class_Units_Pulse2
00a08bcf _IP_RP_O                         0044570d _Set_Class_Units_Pulse3
00a08d15 _IP_RP_W                         00445719 _Set_Class_Units_AI
00a08fdf _IP_W                            00445744 _Set_Class_Units_Pulse
00a03c9f _IRDA_ENABLE                     0044576f _Set_RLY_Units
008019cc _InitLog                         0044579b _Set_Units
0042796a _Initialize_Hardware             0044584e _Set_Pulse_Units
00426e79 _Initialize_Periodic_Events      00445880 _Periodic_Accumulate
00427156 _Initialize_Variables            004458ba _Accumulate_Gas
004444ab _Interpolate                     00445940 _Accumulate
00448a0f _Is_Expired                      004469a6 _Set_FC_Units
004410d4 _Join_MassTime_Units             00446b81 _Set_Density_Cal_Unit
00a0913b _LAST_TEMP_RESET                 00446c35 _PDI_Density_Correction
00a0867f _LCD                             00446c5f _PDI_Density_Adj
00801368 _LCD_CHAR                        00446ca8 _CORIOLIS_CFG
008012f7 _LCD_CMD                         00446d35 _CORIOLIS_INT_CFG
00a08674 _LCD_CNT                         00446dc9 _CORIOLIS_ZERO1
00a0883f _LCD_DIPSW                       00446e43 _CORIOLIS_ZERO2
00a086ab _LCD_DISPLAY                     00446e6f _CORIOLIS_ZERO3
00438eda _LCD_INIT                        00446ea0 _CORIOLIS_ZERO4
0080147f _LCD_PAGE                        00446ed1 _Sampling_Error
00a086aa _LCD_PRESENT                     00446f3b _CCM_Record_Viewer
008013d7 _LCD_STR                         0044707c _CCM_TESTING
00a08bd5 _LED_GREEN                       00447227 _CCM_PURGING
00a00932 _LIQ_VALVE_D                     00447305 _CCM_START
00a00a8d _LIQ_VALVE_I                     004473ee _VAR_SET_STR_DV
00a00c7d _LIQ_VALVE_P                     00447406 _VAR_SET_STR_DVIN
00a03f7b _LIST_DAMP                       0044741e _VAR_SET_STR
00a03f00 _LIST_DAMP_EMPTY                 0044749e _Read_RTC
00a0a15a _LIST_EXEC_EMPTY                 004474b0 _Update_i_Log_Var
00a0a15d _LIST_EXEC                       00447537 _HSALT_CLEAR
00a0a83c _LIST_MASTER_EMPTY               00447582 _Submit_GET_ANALYZER_CONFIG
00802fdd _LIST_TIMER0                     0044758f _GET_ANALYZER_CONFIG
00802fd1 _LIST_TMR_EMPTY                  00447842 _Submit_STORE_ANALYZER_CONFIG
00a08bcd _LOCKOUT                         0044784f _STORE_ANALYZER_CONFIG
00a00b8f _LOG_STATUS                      00447b6e _Submit_GET_ANALOGIO_CONFIG
00a00611 _LOG_VAR_SEL                     00447b7b _GET_ANALOGIO_CONFIG
00a01d6d _LOOP_ENABLED                    00447d4c _Submit_STORE_ANALOGIO_CONFIG
00a0167d _LOW_SALT_MODE                   00447d59 _STORE_ANALOGIO_CONFIG
008029ae _List_Add                        00447f75 _Submit_GET_uP_CONFIG
00802a72 _List_Init                       00447f82 _GET_uP_CONFIG
00802a45 _List_Pop                        0044802f _Submit_STORE_uP_CONFIG
00802a14 _List_Push                       0044803c _STORE_uP_CONFIG
008029dd _List_Remove                     00448121 _Submit_GET_COMM_CONFIG
00801d6b _LogNow                          0044812e _GET_COMM_CONFIG
00801d76 _LogNowUser                      00448198 _Submit_STORE_COMM_CONFIG
00448595 _M24C02_Record                   004481a5 _STORE_COMM_CONFIG
00450727 _MASTER_UNITS                    0044823e _Submit_GET_POWER_CONFIG
004508da _MASTER_UNITS_STR                0044824b _GET_POWER_CONFIG
00450e7a _MASTER_UNITS_STR_R              004482b5 _Submit_STORE_POWER_CONFIG
0043d7f5 _MB_Calibrate                    004482c2 _STORE_POWER_CONFIG
0043bd4d _MB_Diag                         0044835b _Submit_GET_DISPLAY_CONFIG
0043dee8 _MB_Init_Master                  00448368 _GET_DISPLAY_CONFIG
00a08682 _MB_LCD_DISPLAY                  004483d2 _Submit_STORE_DISPLAY_CONFIG
0043d9a0 _MB_POLL_0                       004483df _STORE_DISPLAY_CONFIG
0043d9aa _MB_POLL_1                       00448478 _Submit_GET_MOTHERBOARD_CONFIG
0043d9b4 _MB_POLL_2                       00448485 _GET_MOTHERBOARD_CONFIG
0043d9be _MB_POLL_3                       004484ef _Submit_STORE_MOTHERBOARD_CONFIG
0043d9c8 _MB_POLL_4                       004484fc _STORE_MOTHERBOARD_CONFIG
0043da40 _MB_POLL                         00448595 _M24C02_Record
0043d9d2 _MB_POLL_5                       004485df _PutInt
0043d9dc _MB_POLL_6                       004485ff _GetInt
0043d9e6 _MB_POLL_7                       00448623 _PutFlt
0043d9f0 _MB_RETRY_0                      0044865b _GetFlt
0043dcca _MB_RETRY                        00448698 _PutCRC
0043d9fa _MB_RETRY_1                      004486ab _CRC16_bytes
0043da04 _MB_RETRY_2                      004486dd _Check_Boxcar_Limits
0043da0e _MB_RETRY_3                      00448726 _Reset_Boxcar
0043da18 _MB_RETRY_4                      0044875c _Update_Boxcar
0043da22 _MB_RETRY_5                      004487fa _Update_Bubble
0043da2c _MB_RETRY_6                      004488eb _Update_Pattern
0043da36 _MB_RETRY_7                      004489dc _Swap_Boxcar_Vals
0043e41c _MB_RX                           00448a0f _Is_Expired
0043ed2d _MB_RX_2                         00448a1e _BCD_to_Int
0043ee5c _MB_RX_3                         00448a39 _Hex_to_ASCII
0043ef09 _MB_RX_5                         00448a54 _ASCII_to_Hex
0043f3a1 _MB_RX_C1                        00448a78 _Hex32_to_String
0043f5f8 _MB_RX_C2                        00448a99 _Alfat_Get_Version
0043fa2f _MB_RX_C3                        00448ac8 _Alfat_Get_Version_Vector
0043fc4e _MB_RX_C4                        00448ae4 _Alfat_Log_Vars
0043ff6c _MB_RX_C5                        00448d25 _Alfat_Init_All
0043f0ee _MB_RX_CA1                       00448d3e _Alfat_Init_RTC
0043f16e _MB_RX_CA2                       00448d8a _Alfat_Print_Time_Date
0043f1ee _MB_RX_CA3                       00448e32 _Alfat_Set_Time_Date
0043f26e _MB_RX_CA4                       00448ee5 _Alfat_Set_Time_Date_Vector
0043f2ee _MB_RX_CAP1                      00448ef8 _Alfat_Init_USB
0043eae1 _MB_RX_COR0CFG                   00448f4a _Alfat_Init_USB_Vector
0043e78d _MB_RX_COR0CFGA                  00448fd8 _Alfat_Get_Time
0043e835 _MB_RX_COR0CFGB                  00449012 _Alfat_Get_Time_Vector
0043e939 _MB_RX_COR0CFGC                  0044902e _Alfat_Get_Date
0043ea09 _MB_RX_COR0CFGD                  00449068 _Alfat_Get_Date_Vector
0043e7b7 _MB_RX_COR1CFGA                  00449084 _Alfat_Get_Status_Reg
0043e96d _MB_RX_COR1CFGC                  004490b0 _Alfat_Get_Status_Reg_Vector
0043eb74 _MB_RX_COR1CFG                   00449115 _Alfat_Open_Append
0043ea3f _MB_RX_COR1CFGD                  00449185 _Alfat_Open_Append_Vector
0043e869 _MB_RX_COR1CFGB                  004491ca _Alfat_Close
0043eea3 _MB_RX_COR1COILS                 00449211 _Alfat_Flush
0043ea75 _MB_RX_COR2CFGD                  0044925b _Alfat_Write
0043e7e1 _MB_RX_COR2CFGA                  0044930b _Alfat_Write_Vector
0043ec07 _MB_RX_COR2CFG                   00449357 _Alfat_Wait_For_Write
0043e89d _MB_RX_COR2CFGB                  00449382 _Alfat_Map_Var
0043e9a1 _MB_RX_COR2CFGC                  0044939d _Begin_Alfat_Logging
0043eed6 _MB_RX_COR2COILS                 004493d6 _Alfat_Change_Log_Period
0043e80b _MB_RX_COR3CFGA                  00449454 _Debug
0043e8d1 _MB_RX_COR3CFGB                  0044945a _Make_Russian_Line
0043ec9a _MB_RX_COR3CFG                   004494a1 _Write_DAC
0043e9d5 _MB_RX_COR3CFGC                  00449657 _MB_RX_DAC_Aout
0043eaab _MB_RX_COR3CFGD                  00449690 _MB_RX_DAC_Aout6_7
0043e905 _MB_RX_COR4CFGB                  004496a1 _MB_RX_DAC_Aout8_9
0043f0be _MB_RX_CT1                       004496b2 _Set_Current
0043f0ca _MB_RX_CT2                       004499f8 _PID_Init
0043f0d6 _MB_RX_CT3                       00449a26 _PID
0043f0e2 _MB_RX_CT4                       00449b5d _Read_ADC_test
00449690 _MB_RX_DAC_Aout6_7               00449bc5 _Read_ADC_FIFO
004496a1 _MB_RX_DAC_Aout8_9               00449ccb _Convert_ADC
00449657 _MB_RX_DAC_Aout                  00449d05 _Write_ADC_DAC
0043e6b5 _MB_RX_MCFU1                     00449d74 _Read_ADC_DAC
0043e6eb _MB_RX_MCFU2                     00449deb _Write_TMP75
0043e721 _MB_RX_MCFU3                     00449e67 _Read_TMP75
0043e757 _MB_RX_MCFU4                     00449ee7 _Read_ADCn
00440329 _MB_TX_A_PLC                     0044a1a1 _ADC_UPDATE
0043bcf4 _MB_exception                    0044a356 DIV_F30
00a08d18 _MEM                             0044a37e DIV_I30
00434957 _MENU_AI_CFG                     0044a3a2 DIV_LD
004354ad _MENU_AO_CFG                     0044a3e6 DIV_U30
00436fd3 _MENU_DCM_CFG_CUTOFF             0044a418 _modf
00436f7f _MENU_DCM_CFG_DAMP_DENSITY       0044a423 MOD_I30
00436f2b _MENU_DCM_CFG_DAMP_FR            0044a444 MOD_U30
00436e4d _MENU_DCM_PORT                   0044a46d MPY_I30
00437060 _MENU_DCM_ZERO                   0044a47b MPY_K30
00432e7f _MENU_DENSITY                    0044a484 MPY_LD
00436aa5 _MENU_DENSITY_CORRECTION         0044a493 _ceil
00437113 _MENU_Density_ADJ                0044a4a7 _exp
00436d57 _MENU_Density_Cal_Unit           0044a4e5 _floor
00436df9 _MENU_Density_Cal                0044a4f9 _fmod
00436cff _MENU_Density_D0                 0044a53b _log
00436ca7 _MENU_Density_D1                 0044a582 _log10
00436c4f _MENU_Density_D2                 0044a5cb _pow
00436bf7 _MENU_Density_D3                 0044a6b5 _sprintf
004374fe _MENU_FC_ACCUM_UNIT              0044a6f0 _sscanf
0043846f _MENU_FC_API_C_ALPHA             0044a74b _strcat
004382c4 _MENU_FC_API_TABLE               0044a755 _strcpy
004383b3 _MENU_FC_DENSITY_ADJ             0044a75c _strlen
004373e3 _MENU_FC_DENSITY_UNIT            0044a762 _strncmp
0043780d _MENU_FC_EMUL_DENSITY            0044a775 _strncpy
00437daf _MENU_FC_ENABLE_DENSITY          0044a78a _strtol
00437fbf _MENU_FC_ENABLE_FLOW             0044a82f _frexp
00437f0f _MENU_FC_ENABLE_GROSS            0044a840 _ldexp
00437cff _MENU_FC_ENABLE_NET              0044a857 __printfi
00437e5f _MENU_FC_ENABLE_PULSE            0044ae72 __scanfi
00437a21 _MENU_FC_FLOW                    0044b312 _atoi
00437743 _MENU_FC_FLOW_CLASS              0044b340 _atol
00437624 _MENU_FC_FLOW_UNIT               0044b344 _ecvt
00438824 _MENU_FC_MAN_DENSITY             0044b3ce _fcvt
00438536 _MENU_FC_MAN_FLOW                0044b462 _ltoa
00438774 _MENU_FC_MAN_PRESSURE            0044b48e _memccpy
004388d4 _MENU_FC_MAN_SALINITY            0044b49e _memcpy
004385e6 _MENU_FC_MAN_TEMP                0044b4ff _minit
004386af _MENU_FC_MAN_WATERCUT            0044b50a _malloc
00437c9d _MENU_FC_METER_FACTOR            0044b545 _calloc
00437b63 _MENU_FC_OIL_DENSITY_PT          0044b559 _realloc
00437bd1 _MENU_FC_OIL_DENSITY_ST          0044b5c7 _free
0043794d _MENU_FC_PRESSURE                0044b628 _bmalloc
004371ad _MENU_FC_PRESSURE_UNIT           0044b67c _strtod
0043899d _MENU_FC_PULSES_PER_VOL_UNIT     0044b75e _strtoul
00437873 _MENU_FC_SALINITY                0044b7e6 _RUSS_MENU_TBL
00437c37 _MENU_FC_SHRINKAGE               0044b7e6 ___etext__
004372c8 _MENU_FC_TEMP_UNIT               0044b7e6 etext
004379b3 _MENU_FC_TEMP                    0044f5e1 _HART_DPI_Table
00438138 _MENU_FC_USE_PDI_SALINITY        0044f5fb _HART_DD_Table
0043806f _MENU_FC_USE_PDI_TEMP            0044f61b _HART_DPF_Table
00438201 _MENU_FC_USE_PDI_WATERCUT        0044f636 _HART_DVI_Table
004378e1 _MENU_FC_WATERCUT                0044f63c _HART_DV_Table
00437a8f _MENU_FC_WATER_DENSITY_PT        0044f6d1 _HART_DVOUTPUT_Table
00437afd _MENU_FC_WATER_DENSITY_ST        0044f70b _HART_DVINPUT_Table
00438a83 _MENU_FLOW_COMPUTER              0044f733 _mb_int
00431b29 _MENU_FORCE_PHASE                0044fd09 _mb_fc
00430751 _MENU_INIT                       0045002f _mb_flt
00438e76 _MENU_LOGGING_PERIOD             004504c1 _mb_coil
00436a8e _MENU_OIL_CALC_MODE              004506e3 _mb_ext
00432b67 _MENU_PAGE_ACCUMG                00450727 _MASTER_UNITS
00432a58 _MENU_PAGE_ACCUMN                004508da _MASTER_UNITS_STR
0043235f _MENU_PAGE_ALARM_HI              00450e7a _MASTER_UNITS_STR_R
00432326 _MENU_PAGE_ALARM_LO              00460000 cinit
00431a95 _MENU_PAGE_ALYESKA_PLC_DATA_ADDR 00460000 ___cinit__
004329ae _MENU_PAGE_AVGACCUM              00800000 _Timer_Insert
00432839 _MENU_PAGE_CAL_OIL               008000ee _Timer_Remove
00432889 _MENU_PAGE_CAL_WATER             00800115 _Clear_RX
004325d6 _MENU_PAGE_CAPTURE_OIL           008001ab _RESET_PKT
0043270a _MENU_PAGE_CAPTURE_WATER         008001eb _Process_UINT
00431eea _MENU_PAGE_CHPW_TECH_MODE        00800579 _WDOG_P
00431e34 _MENU_PAGE_CHPW_WPROT            008005a4 _TX_S1
00431084 _MENU_PAGE_CPYRT                 008008b6 _TX_S
0043303a _MENU_PAGE_DENSITY               008008e7 _TX_P1
0043126d _MENU_PAGE_DIAG                  00800911 _TX_P
00432c73 _MENU_PAGE_FLOW                  008009a0 _Prepare_TX
0043206b _MENU_PAGE_GOTO_TECH_MODE        008009f7 _c_XINT0
004333dc _MENU_PAGE_INFO                  008009ff _c_RINT0
00432129 _MENU_PAGE_LOW_SALT_MODE         00800a07 _c_INT0
004321e0 _MENU_PAGE_LOW_SALT_THRESHOLD    00800a80 _c_INT1
004313b1 _MENU_PAGE_MAIN                  00800c32 _c_INT2
00432d79 _MENU_PAGE_NET_FLOW              00800c76 _c_INT3
0042003e _MENU_PAGE_NORMAL                00800d18 _c_TINT0
00431a5c _MENU_PAGE_NUMSAMP               00801148 _c_TINT1
0043222f _MENU_PAGE_OIL_ADJ               00801150 _c_SPURINT
00432514 _MENU_PAGE_OIL_HI                00801158 _I2C_TX_BYTE_5
00432474 _MENU_PAGE_OIL_IDX               008011b4 _I2C_RX_BYTE_5
004324c4 _MENU_PAGE_OIL_LO                00801211 _Write_I2C_5
0043259d _MENU_PAGE_OIL_P0                00801280 _Read_I2C_5
00432564 _MENU_PAGE_OIL_P1                008012f7 _LCD_CMD
00431a06 _MENU_PAGE_PHASE_HOLDOVER        00801368 _LCD_CHAR
004335a3 _MENU_PAGE_PORT_CFG              008013d7 _LCD_STR
0043110f _MENU_PAGE_RESTART               0080147f _LCD_PAGE
00431174 _MENU_PAGE_RESTORE_FACTORY_DEFAULTS 008014e4 _I2C_TX_BYTE
00431ac9 _MENU_PAGE_SALINITY              00801540 _I2C_RX_BYTE
004319c1 _MENU_PAGE_STREAM_SELECT         0080159d _Write_I2C
00420051 _MENU_PAGE_TECH                  00801616 _Read_I2C
00436721 _MENU_PAGE_TRIM_RTD_SELECT       00801697 _Write_MC24C02_Record
00431d94 _MENU_PAGE_T_ADJ                 00801779 _Read_MC24C02_Record
00431dd9 _MENU_PAGE_T_AVG                 00801877 _Self_Test_FULL
00431c52 _MENU_PAGE_T_UNIT                008018e8 _Self_Test5
00431fa0 _MENU_PAGE_UNLOCK_WPROT          00801925 _Self_Test4
00420036 _MENU_PAGE_USER                  00801951 _Self_Test3
004328dd _MENU_PAGE_WATERCUT_RAW          0080197c _Self_Test2
004322d2 _MENU_PAGE_WATER_ADJ             008019a4 _Self_Test1
00432420 _MENU_PAGE_WATER_HI              008019cc _InitLog
00432378 _MENU_PAGE_WATER_IDX             00801b0f _EraseSector
004323cc _MENU_PAGE_WATER_LO              00801b3c _MarkLogStart
004307e3 _MENU_REFRESH                    00801b8e _RecordLogEntry
00434093 _MENU_RELAY_CFG                  00801d6b _LogNow
004331d5 _MENU_TIME_DATE                  00801d76 _LogNowUser
00438d26 _MENU_USB_LOGGING                00801d81 _DataLogCounter
00a001b5 _MM_GAS_fail                     00801e15 _DataLogCounters
00a0051c _MM_LIQ_fail                     00801e41 _DataLogUser
00a09eb0 _MODBUS_CRITICAL_ERROR           00801f14 _DataLog
00802615 _MODBUS_RX_CRC                   00801f64 _CfgLog
008024b4 _MODBUS_RX_FUNCTION              00801fac _EraseEntireLog
0080244c _MODBUS_RX_ID                    00801fff _FindNextLogIndex
0080248a _MODBUS_RX_LONG_ADDR             008020d1 _FindLastLogRecord
0080255a _MODBUS_RX_n                     0080216d _SIZE_ALFAT_TX
008025a3 _MODBUS_RX_nDATA                 0080216e _ALFAT_INIT_ALL
00a02217 _MOTHERBOARD                     0080216f _ALFAT_NO_ERROR
00a08043 _MSVE                            00802170 _ALFAT_RX
00430be1 _MSVE_Data_Input                 008021f0 _ALFAT_TX
0044945a _Make_Russian_Line               0080231c _ALFAT_STATUS_REG
00801b3c _MarkLogStart                    0080231d _CRC16
00440405 _Master_Create                   0080234f _Put
0044488d _Mirror_From_Stream_Table        00802389 _Get
00444741 _Mirror_To_Stream_Table          008023ba _Put_n
00426033 _Modbus_Initialize               0080240c _Clear
00a007c4 _NUM_PREAMBLE_MS                 0080244c _MODBUS_RX_ID
00a009ae _NUM_PREAMBLE_SM                 0080248a _MODBUS_RX_LONG_ADDR
00a08b9c _N_FREQ                          008024b4 _MODBUS_RX_FUNCTION
00a08b4c _N_TEMP                          0080255a _MODBUS_RX_n
00a08b8d _N_WC                            008025a3 _MODBUS_RX_nDATA
00a03943 _NaN_val_flt                     00802615 _MODBUS_RX_CRC
00a039eb _NaN_val                         008029ae _List_Add
00a002f6 _NaN_val_int                     008029dd _List_Remove
004412e4 _No_Port                         00802a14 _List_Push
00a01db3 _Num_Oil_Samples                 00802a45 _List_Pop
00a00fc8 _Num_Water_Samples               00802a72 _List_Init
00a015e9 _OIL_ADJ                         00802a84 _FLASH_SIZE
00a03ac8 _OIL_CALC_CUTOFF                 00802aff _FLASH_CHECK_ADDR
00a00b8d _OIL_CALC_MAX                    00802b7f _FLASH_LOCK_BLK
00a005e2 _OIL_CALC_MODE                   00802bc0 _FLASH_ERASE_BLK
00a00f1c _OIL_P0                          00802c15 _FLASH_WRITE_BLK
00a00f57 _OIL_P1                          00802c95 _FLASH_STATUS
00a017a4 _OIL_PHASE_ONLY_ENABLE           00802cfa _FLASH_READ_ESN_MFGR
00a01e3e _OIL_PHASE_ONLY                  00802d37 _FLASH_READ_ESN_USER
00a08a53 _OLD_CURRENT                     00802d74 _FLASH_WRITE_ESN_USER
00a0024f _OSC_OIL_CALC                    00802def _FLASH_LOCK_ESN_USER
00a03a57 _OSC                             00802e37 _vect_tm
00a00e56 _OSC_WATER_CALC                  00802e38 _vect_pt0
00a09001 _OSWITCH                         00802e39 _vect_pt1
00a08240 _OUT_STR2                        00802e3a _vect_pt2
00a08281 _OUT_STR                         00802e3b _vect_pt3
00a0105d _Oil_Phase_Filter                00802e3c _vect_pt4
00a00630 _Oil_Phase_Maximum               00802e3d _vect_pt5
00444253 _Oil_RP_plot_max                 00802e3e _vect_pt6
0044422d _Oil_RP_plot_min                 00802e3f _vect_pt7
00446c5f _PDI_Density_Adj                 00802e40 _TIMER0_COUNTER
00446c35 _PDI_Density_Correction          00802e41 _QUEUE_TMR
00a0a83f _PDI_id                          00802fd1 _LIST_TMR_EMPTY
00449a26 _PID                             00802fd4 _TIMER1_COUNTER
004499f8 _PID_Init                        00802fdd _LIST_TIMER0
00a08daa _PORT2_GAS_TEMP                  00802fe0 _TXbuf
00a08fdd _PORT2_LIQ_TEMP                  00803978 _PORT
00a08b9d _PORT3_TEMP                      00803bb0 _vect_p0
00803978 _PORT                            00803bb1 _vect_p1
00a03f7e _PORTCFG                         00803bb2 _vect_p2
00a0109b _POWER                           00803bb3 _vect_p3
00a00610 _PRESCALE                        00803bb4 _vect_p4
00a08b72 _PRESS                           00803bb5 _vect_p5
004454ba _PULSE_UPDATE                    00803bb6 _vect_p6
004439b9 _PVAVG24                         00803bb7 _vect_p7
00443a57 _PV_AVERAGE                      00803bb8 _RXbuf
00a08e4c _PV_SAMPLES_24hr                 00804550 _main
00a09006 _PV_SAMPLES                      0080455f __sys_memory
00a08be1 _PV_SAMPLES_5min                 00809802 __stack
00444687 _Pack_ASCII                      00a00000 _REG_DIAG
00445880 _Periodic_Accumulate             00a000dc _DIO_ALARM
00a006b7 _Plot_Limit_Oil_Freq_High        00a000df _DIAGNOSTICS_MASK
00a010aa _Plot_Limit_Oil_Freq_Low         00a000e1 _DIO_ERROR
00a0096e _Plot_Limit_Oil_RP_High          00a000e4 _SYS_LOG_ENABLED
00a03569 _Plot_Limit_Oil_RP_Low           00a000e5 _USER_LOG_ENABLED
00a0014d _Plot_Limit_Temp_High            00a000e6 _USER_log_sample_period
00a00c1c _Plot_Limit_Temp_Low             00a00112 _SYS_log_sample_period
00a00d11 _Plot_Limit_Water_Freq_High      00a0013e _CCM_Record_view
00a005b6 _Plot_Limit_Water_Freq_Low       00a00140 _HCHANGE_COUNTER
00a00ce5 _Plot_Limit_Water_RP_High        00a00141 _HART_BURST_MODE
00a00bf0 _Plot_Limit_Water_RP_Low         00a00142 _HART_BURST_VAR_LIST
00a03910 _Plot_Limit_Watercut_High        00a00146 _HCHANGE
00a020ef _Plot_Limit_Watercut_Low         00a00148 _HART_BURST_CMD
00441316 _Poll                            00a00149 _HART_VAR_LIST
004267b6 _Port_Defaults                   00a0014d _Plot_Limit_Temp_High
008009a0 _Prepare_TX                      00a00179 _CCM_SETPOINT_L2
00438ce9 _Print_To_LCD                    00a001b5 _MM_GAS_fail
0043bf8a _Process_Memory                  00a001b8 _REG_FREQ_W
0043c070 _Process                         00a001e4 _RTD_CURRENT
008001eb _Process_UINT                    00a001e5 _GAS_VALVE_I
00448698 _PutCRC                          00a00221 _RTD_GAIN
00448623 _PutFlt                          00a00222 _DIO_IDEC_ENABLE
0080234f _Put                             00a00223 _REG_accumulator_display_format
004485df _PutInt                          00a0024f _OSC_OIL_CALC
0044459c _Put_IEEE                        00a00250 _DATA_CHANGE
008023ba _Put_n                           00a00253 _DIO_PV_PERCMASS
00a0a160 _QUEUE_EXEC                      00a00254 _DIO_CAP_WATER
00a0a215 _QUEUE_MASTER                    00a00257 _DIO_BEEP
00802e41 _QUEUE_TMR                       00a0025a _ALFAT_APPEND_LF
00a08da8 _READ_ADC_INPUTS                 00a0025b _RESET_AT_PURGE
00a02227 _REG_20mA_max_flow_rate_input    00a0025c _GAS_ENTRAINED_DENS_DETECT
00a01eb3 _REG_ADC                         00a0025f _GAS_VALVE_P
00a01e77 _REG_ALFAT_LOG_PERIOD            00a0029b _REG_reference_currrent_mode
00a03b27 _REG_BULK_LEVEL                  00a002c7 _REG_WATER_INDEX
00a035af _REG_CAL_OIL                     00a002f3 _GAS_ENTRAINED
00a01d80 _REG_CAL_WATER                   00a002f6 _NaN_val_int
00a00c4b _REG_CCM_PURGE_STAT              00a002f7 _HSALT_FREQ_TRIGGER
00a00798 _REG_CCM_TEST_STAT               00a002fa _RTD_CAL_HI_OHM
00a03607 _REG_DAC                         00a002fb _WATER_PHASE_ONLY
00a00495 _REG_DELTA_TEMP                  00a002fe _DIO_CLEAR_PORT_COUNT
00a00000 _REG_DIAG                        00a00316 _DensityCFD_D1
00a031fe _REG_DUMMY                       00a00317 _HSALT_MIN_FLOW
00a03817 _REG_EMULSION_PHASE              00a00353 _DIO_TEMP_C
00a01d39 _REG_EM_PHASE_HOLD               00a00356 _TEMPS_WATER
00a01739 _REG_FREQ_OIL_HI                 00a00365 _CCM_SETPOINT_P1
00a01e4b _REG_FREQ_OIL_LO                 00a003a1 _STR_HART_Tag
00a03ca0 _REG_FREQ_O                      00a003a5 _REG_NUM_SAMP
00a0065c _REG_FREQ_VARIANCE_RATIO         00a003d1 _COMM
00a001b8 _REG_FREQ_W                      00a003d8 _CCM_SETPOINT_P2
00a007c5 _REG_FREQ_WATER_HI               00a00414 _RLY
00a0345e _REG_FREQ                        00a00428 _REG_density_correction_mode
00a00b07 _REG_FREQ_WATER_LO               00a00454 _DIO_DISPLAY_GET
00a0353a _REG_HART_num_preamble           00a00457 _stream_bubble_length
00a00ffe _REG_HART_response_delay         00a00493 _DIO_Autosave_on_pair_boundary
00a0337c _REG_LOCK                        00a00494 _CRC_INIT
00a08f7f _REG_LOWSALT_THRESHOLD           00a00495 _REG_DELTA_TEMP
00a003a5 _REG_NUM_SAMP                    00a004c1 _CCM_2LIQ
00a03c47 _REG_OIL_ADJ                     00a004c2 _COEFF_C0
00a005e3 _REG_OIL_INDEX                   00a004c3 _CCM_SETPOINT_PRESSURE_MAX_OVER
00a017e3 _REG_PHASE_HOLD_CYCLES           00a004ef _CCM_GAS_DENSITY_INPUT
00a08da9 _REG_PV_AVG_1sec                 00a0051b _CCM_2GAS
00a09003 _REG_PV_AVG_24hr                 00a0051c _MM_LIQ_fail
00a08d7e _REG_PV_AVG_5min                 00a0051f _REG_VINC_O
00a08fe0 _REG_PV_AVG_CNT                  00a0054b _REG_TEMPERATURE_AVG
00a00850 _REG_PW                          00a00577 _stream_boxcar_expire_minutes
00a03afb _REG_SALINITY                    00a005b3 _USE_PDI_WATERCUT
00a01031 _REG_STREAM_SELECT               00a005b6 _Plot_Limit_Water_Freq_Low
00a0054b _REG_TEMPERATURE_AVG             00a005e2 _OIL_CALC_MODE
00a00a34 _REG_TEMPERATURE_EXTERNAL        00a005e3 _REG_OIL_INDEX
00a03a6b _REG_TEMPERATURE_USER_ADJUST     00a0060f _COEFF_D1
00a00740 _REG_TEMPERATURE_USER            00a00610 _PRESCALE
00a08fde _REG_TIME                        00a00611 _LOG_VAR_SEL
00a03336 _REG_USER_DEFINE                 00a0062f _COEFF_D2
00a0167e _REG_VINC                        00a00630 _Oil_Phase_Maximum
[...]
00a0aa4d _TMR_DATALOG_COUNTERS            00a03a97 _CCM_GAS_MASS
00a0ab1f _TMR_DATALOG_USER                00a03a98 _U_TEMP_ASCII
00a0aa6b _TMR_DATALOG                     00a03a99 _REG_WATERCUT_DENSITY
00a0ab4b _TMR_GET_ANALOGIO_CONFIG         00a03ac5 _RELAY1_REVERT
00a0a9d5 _TMR_GET_ANALYZER_CONFIG         00a03ac8 _OIL_CALC_CUTOFF
00a0a999 _TMR_GET_COMM_CONFIG             00a03ac9 _Density_Correction_Mode
00a0a9e9 _TMR_GET_DISPLAY_CONFIG          00a03acb _DIO_MOTHERBOARD_SET
00a0aa2f _TMR_GET_MOTHERBOARD_CONFIG      00a03ace _USE_COR0_TEMP
00a0a98f _TMR_GET_POWER_CONFIG            00a03acf _REG_port1_parity
00a0a985 _TMR_GET_uP_CONFIG               00a03afb _REG_SALINITY
00a0aab7 _TMR_LEDOFF                      00a03b27 _REG_BULK_LEVEL
00a0aa61 _TMR_LEDON                       00a03b53 _EXTENDED_FW_VERSION_ENABLE
00a0aac1 _TMR_MENU_REFRESH                00a03b7f _SIM_VTUNE
00a0aaa2 _TMR_OSC_DELAY_LONG              00a03b83 _DensityCFT_D1
00a0a93f _TMR_OSC_DELAY_SHORT             00a03b84 _Density_Cal_Unit
00a0aa1b _TMR_PERIODIC_ACCUM              00a03b86 _COEFF_TEMP_OIL
00a0ab0b _TMR_POLL                        00a03bae _DIO_PORT_IGNORE_DATA_EXCEPTION
00a0aaad _TMR_PULSE_UPDATE                00a03baf _HSALT
00a0aafd _TMR_PVAVG                       00a03bfc _ALFAT_USB_MOUNTED
00a0aadf _TMR_REFRESH_TIME                00a03bff _ANALYZER
00a0a9ad _TMR_RESET                       00a03c06 _GAS_ROUTINE_ENABLE
00a0a967 _TMR_RESTART                     00a03c42 _RTD_CAL_LO_V
00a0ab29 _TMR_RESTORE_CFGF                00a03c43 _DIO_CCM_PURGE_TIME
00a0a92b _TMR_RESTORE_CFGU                00a03c46 _AMETEK
00a0a949 _TMR_RTC_UPDATE                  00a03c47 _REG_OIL_ADJ
00a0a953 _TMR_SAMPLE_ERROR                00a03c73 _DEMO_ANALYZER_MODE
00a0a9c1 _TMR_SAVE_CFGF                   00a03c9f _IRDA_ENABLE
00a0a9fd _TMR_SAVE_CFGU                   00a03ca0 _REG_FREQ_O
00a0aa80 _TMR_SELFTEST                    00a03ccc _REG_VREF
00a0a95d _TMR_SELF_TEST                   00a03d7c _DIO_CLEAR_COUNTERS
00a0ab15 _TMR_SERDEF                      00a03d7f _ALFAT_USB_DETECTED
00a0aa98 _TMR_SET_BASICS                  00a03d82 _STR_Copyright
00a08a60 _TMR_SET_BT                      00a03d96 _REG_VTUNE_SET
00a0aaf3 _TMR_SET_CURRENT                 00a03e46 _HSALT_ENABLE
00a08a5e _TMR_SET_RT1                     00a03e82 _GAS_VALVE_D
00a0a935 _TMR_STAT                        00a03ebe _DIO_DISPLAY_SET
00a0ab41 _TMR_STORE_ANALOGIO_CONFIG       00a03ec1 _CCM_SETPOINT_L1
00a0a9cb _TMR_STORE_ANALYZER_CONFIG       00a03efd _DIO_MOTHERBOARD_GET
00a0aacb _TMR_STORE_COMM_CONFIG           00a03f00 _LIST_DAMP_EMPTY
00a0ab33 _TMR_STORE_DISPLAY_CONFIG        00a03f03 _DAMP
00a0aa25 _TMR_STORE_MOTHERBOARD_CONFIG    00a03f7b _LIST_DAMP
00a0a9df _TMR_STORE_POWER_CONFIG          00a03f7e _PORTCFG
00a0aa8e _TMR_STORE_uP_CONFIG             00a04ab6 _AO
00a0a9b7 _TMR_T                           00a05971 _AI
00a0a9a3 _TMR_UPDATE_RELAYS               00a08000 ___bss__
00a0aa75 _TMR_iLV                         00a08000 .bss
0043bc94 _TOIEEE                          00a08043 _MSVE
00a08ba0 _TRIM_RTD_HI                     00a08240 _OUT_STR2
00a08bb0 _TRIM_RTD_LO                     00a08260 _DIO_MSVE
00800911 _TX_P                            00a08261 _ENG_STR2
008008e7 _TX_P1                           00a08281 _OUT_STR
008008b6 _TX_S                            00a082a1 _vect_m
008005a4 _TX_S1                           00a082a2 _ENG_STR
00802fe0 _TXbuf                           00a08674 _LCD_CNT
004441d3 _Temp_plot_max                   00a08675 _RTC
004441b5 _Temp_plot_min                   00a0867f _LCD
00440e03 _Time_Scale_Flow                 00a08681 _RTC_PRESENT
00441156 _Timer_Create                    00a08682 _MB_LCD_DISPLAY
00800000 _Timer_Insert                    00a086aa _LCD_PRESENT
008000ee _Timer_Remove                    00a086ab _LCD_DISPLAY
004442c5 _Timer_T                         00a0883f _LCD_DIPSW
00445313 _Totalizer_Control               00a0884b _DIAGNOSTICS_ERROR_CODE
00c00000 _UART                            00a0884c _E_STRING
00a000e5 _USER_LOG_ENABLED                00a088b1 _DIAGNOSTICS_MSG_CODE
00a089cf _USER_LOG_EVENT                  00a088b2 _DIAGNOSTICS
00a000e6 _USER_log_sample_period          00a088b4 _DIAG_TEMP
00a03ace _USE_COR0_TEMP                   00a089c3 _CCM_Records
00a005b3 _USE_PDI_WATERCUT                00a089cf _USER_LOG_EVENT
00a03a98 _U_TEMP_ASCII                    00a089d0 _SYS
004444e9 _UnLock_P0                       00a089dc _SYS_LOG_EVENT
004444f5 _UnLock_P1                       00a089dd _FC_Periodic
00444525 _UnLock_P                        00a08a53 _OLD_CURRENT
00444501 _UnLock_P2                       00a08a54 _HCOLD
0044450d _UnLock_P3                       00a08a56 _vect_hexec0
00444519 _UnLock_P4                       00a08a57 _vect_hexec1
004445dd _Unpack_ASCII                    00a08a58 _vect_hexec2
0044875c _Update_Boxcar                   00a08a59 _vect_hexec3
004487fa _Update_Bubble                   00a08a5a _vect_hexec4
00430b9d _Update_Flags_Goto_Next_Menu     00a08a5b _vect_hexec5
004488eb _Update_Pattern                  00a08a5c _vect_hexec6
00444ddd _Update_Relays                   00a08a5d _vect_hexec7
004474b0 _Update_i_Log_Var                00a08a5e _TMR_SET_RT1
00a00d3e _VARUSER                         00a08a5f _TMR_BURST
004409c2 _VAR_CheckSet_Bounds             00a08a60 _TMR_SET_BT
00440ab0 _VAR_Check_Bounds                00a08a61 _HART_BURST_MASTER_SEL
0044052a _VAR_Copy                        00a08b01 _TEMP_SAMPLE
004408d9 _VAR_DAMP                        00a08b02 _i_FREQ_W
004261a7 _VAR_DAMP_Init                   00a08b03 _ESN_MFGR
004407f4 _VAR_Get_Unit_Param              00a08b08 _i_CCM_Pressure
00a09146 _VAR_INT_SCALE                   00a08b09 _TMPTRANS
004261f1 _VAR_Initialize                  00a08b1b _boxcar_reset_needed
00a08b24 _VAR_LONGINT_SCALE               00a08b1c _TMP_VINC
0044088b _VAR_NaN                         00a08b24 _VAR_LONGINT_SCALE
00a08d7f _VAR_SELECT_DVIN                 00a08b25 _IDEC_PORT
00a08dc9 _VAR_SELECT_DV                   00a08b26 _CLOCK
0044741e _VAR_SET_STR                     00a08b27 _i_IP_O
004473ee _VAR_SET_STR_DV                  00a08b28 _DIPSWITCH
00447406 _VAR_SET_STR_DVIN                00a08b2a _bubble
00440759 _VAR_Set_Unit_Param              00a08b4c _N_TEMP
00440738 _VAR_Set_Unit                    00a08b4d _i_IP_W
00426290 _VAR_Setup_Unit                  00a08b4e _il_LV
004405f3 _VAR_Update                      00a08b6c _ccm_gas_total_fract_part
00a08d19 _VT_SELECT                       00a08b6e _TIME_COUNT
00a02136 _WATER_ADJ                       00a08b6f _TMP_TEMP
00a00895 _WATER_ALARM_HI                  00a08b71 _RESEARCH_FORCE_MODE
00a00e1a _WATER_ALARM_LO                  00a08b72 _PRESS
00a002fb _WATER_PHASE_ONLY                00a08b8d _N_WC
00a01768 _WATER_PHASE_ONLY_ENABLE         00a08b8e _STR_VAR_DESC
00a08fe2 _WC_SUM                          00a08b98 _ccm_gas_total_whole_part
00a098bd _WC                              00a08b9a _ZERO_INPUT
00a08dab _WC_SAMPLE                       00a08b9b _i_CCM_Level
00800579 _WDOG_P                          00a08b9c _N_FREQ
00a00856 _Water_Phase_Filter              00a08b9d _PORT3_TEMP
00a00906 _Water_Phase_Minimum             00a08b9e _DB_IP_RP_O
0044429f _Water_RP_plot_max               00a08b9f _i_TEMP
00444279 _Water_RP_plot_min               00a08ba0 _TRIM_RTD_HI
0044420f _Watercut_plot_max               00a08ba1 _CCM_REMAINING_S
004441f1 _Watercut_plot_min               00a08ba2 _CCM_CNT
00449d05 _Write_ADC_DAC                   00a08ba3 _i_CCM_Flow_Water
00444d84 _Write_CFG_FACTORY               00a08ba4 _i_RP_O
00444d40 _Write_CFG_USER                  00a08ba5 _DB_IP_RP_W
004494a1 _Write_DAC                       00a08ba6 _CCM_24_OIL
00438f3f _Write_DS1340                    00a08ba7 _phase_rollover_count
00801211 _Write_I2C_5                     00a08ba8 _i_RP_W
0080159d _Write_I2C                       00a08ba9 _ESN_USER
00801697 _Write_MC24C02_Record            00a08bae _CCM_24_WATER
00449deb _Write_TMP75                     00a08baf _CHANGE
00427d2b _XINT0                           00a08bb0 _TRIM_RTD_LO
0043f353 _Xlate_3095_P_units              00a08bb1 _CCM_Record
0043f386 _Xlate_3095_T_units              00a08bca _previous_phase
0043f01c _Xlate_COR_Special_Units         00a08bcb _gas_routine_reset_needed
00a08b9a _ZERO_INPUT                      00a08bcc _RTD_R
00444f40 _Zero_FC1                        00a08bcd _LOCKOUT
00444f4a _Zero_FC2                        00a08bce _i_CCM_Flow_Gas
00444f54 _Zero_FC3                        00a08bcf _IP_RP_O
000007bf __STACK_SIZE                     00a08bd0 _STR_VAR_UNIT
00002000 __SYSMEM_SIZE                    00a08bd4 _FREQ_O
00a08000 ___bss__                         00a08bd5 _LED_GREEN
00460000 ___cinit__                       00a08bd6 _CCM_TIME_START
00000000 ___data__                        00a08bdf _REG_WATERCUT_RAW
00000000 ___edata__                       00a08be0 _i_CCM_Gas_Valve
00a0b60d ___end__                         00a08be1 _PV_SAMPLES_5min
0044b7e6 ___etext__                       00a08d14 _CCM_REMAINING
ffffffff ___pinit__                       00a08d15 _IP_RP_W
00430000 ___text__                        00a08d16 _FREQ_W
00a0b3fc __ctypes_                        00a08d17 _water_freq_in
0044a857 __printfi                        00a08d18 _MEM
0044ae72 __scanfi                         00a08d19 _VT_SELECT
00809802 __stack                          00a08d1a _RP_O
0080455f __sys_memory                     00a08d1b _i_CCM_Liquid_Valve
004219c3 _anademo                         00a08d1c _pattern
0044b312 _atoi                            00a08d7a _RP_W
0044b340 _atol                            00a08d7b _CURRENT_OSC
0044b628 _bmalloc                         00a08d7c _SUM_TEMP
00a039fa _boxcar_expire_val_minutes       00a08d7e _REG_PV_AVG_5min
00a00e57 _boxcar_expire_val               00a08d7f _VAR_SELECT_DVIN
00a08fca _boxcar_list                     00a08d81 _TMP_VREF
00a08b1b _boxcar_reset_needed             00a08d89 _CCM_24_GAS
00a08b2a _bubble                          00a08d8a _i_CCM_Flow_Oil
00a03846 _bubble_new_length               00a08d8b _CCM_TIME_REMAINING
00800a07 _c_INT0                          00a08d94 _DUMMY
00800a80 _c_INT1                          00a08d95 _CCM_TIME_STOP
00800c32 _c_INT2                          00a08d9e _compatibility_dummy
00800c76 _c_INT3                          00a08d9f _i_CCM_Level_Setpoint
008009ff _c_RINT0                         00a08da0 _TMP_VTUNE
00801150 _c_SPURINT                       00a08da8 _READ_ADC_INPUTS
00800d18 _c_TINT0                         00a08da9 _REG_PV_AVG_1sec
00801148 _c_TINT1                         00a08daa _PORT2_GAS_TEMP
008009f7 _c_XINT0                         00a08dab _WC_SAMPLE
00420000 _c_int00                         00a08dc9 _VAR_SELECT_DV
0042002c _call_to_main                    00a08dcb _IDEC_SA
0044b545 _calloc                          00a08de5 _CCM_GAS_CNT
00a08b6c _ccm_gas_total_fract_part        00a08de6 _AVG_TEMP
00a08b98 _ccm_gas_total_whole_part        00a08de8 _CCMREC
0044a493 _ceil                            00a08e4c _PV_SAMPLES_24hr
00a08d9e _compatibility_dummy             00a08f7f _REG_LOWSALT_THRESHOLD
004219e9 _copyright                       00a08fab _i_LV
00421a12 _credit                          00a08fc9 _cycles
00a08fc9 _cycles                          00a08fca _boxcar_list
0044b344 _ecvt                            00a08fd2 _IP_O
00a0b566 _errno                           00a08fd3 _INITIALIZING
0044a4a7 _exp                             00a08fd4 _TMP_FREQ
00a08fe3 _f_LV                            00a08fdc _CCM_ELAPSED_S
0044096c _f_compare                       00a08fdd _PORT2_LIQ_TEMP
0044b3ce _fcvt                            00a08fde _REG_TIME
0044a4e5 _floor                           00a08fdf _IP_W
0044a4f9 _fmod                            00a08fe0 _REG_PV_AVG_CNT
0044b5c7 _free                            00a08fe1 _i_CCM_Pressure_Setpoint
0044a82f _frexp                           00a08fe2 _WC_SUM
00422b00 _fulldemo                        00a08fe3 _f_LV
00a08bcb _gas_routine_reset_needed        00a09001 _OSWITCH
00422a81 _highdemo                        00a09002 _SA
00a08bce _i_CCM_Flow_Gas                  00a09003 _REG_PV_AVG_24hr
00a08d8a _i_CCM_Flow_Oil                  00a09004 _phase
00a08ba3 _i_CCM_Flow_Water                00a09005 _i_WC
00a098bf _i_CCM_Flow                      00a09006 _PV_SAMPLES
00a08be0 _i_CCM_Gas_Valve                 00a09139 _SAMPLE_PENDING
00a08d9f _i_CCM_Level_Setpoint            00a0913a _CCM_24_TOTAL
00a08b9b _i_CCM_Level                     00a0913b _LAST_TEMP_RESET
00a08d1b _i_CCM_Liquid_Valve              00a0913c _CCM_TIME_ELAPSED
00a08b08 _i_CCM_Pressure                  00a09145 _HW_VER
00a08fe1 _i_CCM_Pressure_Setpoint         00a09146 _VAR_INT_SCALE
00a098be _i_FREQ_O                        00a09147 _COR
00a08b02 _i_FREQ_W                        00a098bd _WC
00a08b27 _i_IP_O                          00a098be _i_FREQ_O
00a08b4d _i_IP_W                          00a098bf _i_CCM_Flow
00a08fab _i_LV                            00a09eb0 _MODBUS_CRITICAL_ERROR
00a08ba4 _i_RP_O                          00a09eb1 _TMR_ALYESKA_PLC
00a08ba8 _i_RP_W                          00a09ebb _vect_exec0
00a08b9f _i_TEMP                          00a09ebc _vect_exec1
00a09005 _i_WC                            00a09ebd _vect_exec2
00a08b4e _il_LV                           00a09ebe _vect_exec3
00430728 _kgm3_to_API                     00a09ebf _vect_exec4
00440991 _l_compare                       00a09ec0 _vect_exec5
0044a840 _ldexp                           00a09ec1 _vect_exec6
0044a53b _log                             00a09ec2 _vect_exec7
0044a582 _log10                           00a09ec3 _vect_exec8
00422a35 _lowdemo                         00a0a12f _SRAM_SCRATCHPAD
0044b462 _ltoa                            00a0a15a _LIST_EXEC_EMPTY
00804550 _main                            00a0a15d _LIST_EXEC
0044b50a _malloc                          00a0a160 _QUEUE_EXEC
004504c1 _mb_coil                         00a0a188 _vect_ex
004506e3 _mb_ext                          00a0a192 _vect_v1
0044fd09 _mb_fc                           00a0a193 _vect_v2
0045002f _mb_flt                          00a0a194 _vect_var1
0044f733 _mb_int                          00a0a195 _vect_var2
0044b48e _memccpy                         00a0a1e0 _TIME0
0044b49e _memcpy                          00a0a1e1 _TIME1
00422a5b _middemo                         00a0a1e2 _GATE_TIMEOUT
0044b4ff _minit                           00a0a214 _SP0_RX_DATA
0044a418 _modf                            00a0a215 _QUEUE_MASTER
00a08d1c _pattern                         00a0a83c _LIST_MASTER_EMPTY
00a03945 _pattern_new_length              00a0a83f _PDI_id
00a08ba7 _phase_rollover_count            00a0a92b _TMR_RESTORE_CFGU
00a09004 _phase                           00a0a935 _TMR_STAT
0044a5cb _pow                             00a0a93f _TMR_OSC_DELAY_SHORT
00a08bca _previous_phase                  00a0a949 _TMR_RTC_UPDATE
0044b559 _realloc                         00a0a953 _TMR_SAMPLE_ERROR
0044543e _round                           00a0a95d _TMR_SELF_TEST
0044547a _sigfig                          00a0a967 _TMR_RESTART
0044a6b5 _sprintf                         00a0a971 _TMR_CHECK_ZERO
0044a6f0 _sscanf                          00a0a97b _TMR_CCM_TEST
0044a74b _strcat                          00a0a985 _TMR_GET_uP_CONFIG
0044a755 _strcpy                          00a0a98f _TMR_GET_POWER_CONFIG
00a0180f _stream_boxcar_expire            00a0a999 _TMR_GET_COMM_CONFIG
00a00577 _stream_boxcar_expire_minutes    00a0a9a3 _TMR_UPDATE_RELAYS
00a00457 _stream_bubble_length            00a0a9ad _TMR_RESET
00a02179 _stream_delta_temp               00a0a9b7 _TMR_T
00a03872 _stream_pattern_length           00a0a9c1 _TMR_SAVE_CFGF
0044a75c _strlen                          00a0a9cb _TMR_STORE_ANALYZER_CONFIG
0044a762 _strncmp                         00a0a9d5 _TMR_GET_ANALYZER_CONFIG
0044a775 _strncpy                         00a0a9df _TMR_STORE_POWER_CONFIG
0044b67c _strtod                          00a0a9e9 _TMR_GET_DISPLAY_CONFIG
0044a78a _strtol                          00a0a9f3 _TMR_ALFAT_LOG
0044b75e _strtoul                         00a0a9fd _TMR_SAVE_CFGU
0044540c _truncate                        00a0aa07 _TMR_CLEAR_USER_LOG_EVENT_FLAG
00a02172 _uP                              00a0aa11 _TMR_BEEP_OFF
00a09ebb _vect_exec0                      00a0aa1b _TMR_PERIODIC_ACCUM
00a09ebc _vect_exec1                      00a0aa25 _TMR_STORE_MOTHERBOARD_CONFIG
00a09ebd _vect_exec2                      00a0aa2f _TMR_GET_MOTHERBOARD_CONFIG
00a09ebe _vect_exec3                      00a0aa39 _TMR_CLEAR_SYS_LOG_EVENT_FLAG
00a09ebf _vect_exec4                      00a0aa43 _TMR_CCM_PURGE
00a0a188 _vect_ex                         00a0aa4d _TMR_DATALOG_COUNTERS
00a09ec0 _vect_exec5                      00a0aa57 _TMR_CLEAR_LOCKOUT
00a09ec1 _vect_exec6                      00a0aa61 _TMR_LEDON
00a09ec2 _vect_exec7                      00a0aa6b _TMR_DATALOG
00a09ec3 _vect_exec8                      00a0aa75 _TMR_iLV
00a08a56 _vect_hexec0                     00a0aa7f _RESEARCH_PS
00a08a57 _vect_hexec1                     00a0aa80 _TMR_SELFTEST
00a08a58 _vect_hexec2                     00a0aa8a _RESEARCH_VTUNE
00a08a59 _vect_hexec3                     00a0aa8e _TMR_STORE_uP_CONFIG
00a08a5a _vect_hexec4                     00a0aa98 _TMR_SET_BASICS
00a08a5b _vect_hexec5                     00a0aaa2 _TMR_OSC_DELAY_LONG
00a08a5c _vect_hexec6                     00a0aaac _RESEARCH_GATE
00a08a5d _vect_hexec7                     00a0aaad _TMR_PULSE_UPDATE
00a082a1 _vect_m                          00a0aab7 _TMR_LEDOFF
00803bb0 _vect_p0                         00a0aac1 _TMR_MENU_REFRESH
00803bb1 _vect_p1                         00a0aacb _TMR_STORE_COMM_CONFIG
00803bb2 _vect_p2                         00a0aad5 _TMR_ADC_UPDATE
00803bb3 _vect_p3                         00a0aadf _TMR_REFRESH_TIME
00803bb4 _vect_p4                         00a0aae9 _TMR_DAMP
00803bb5 _vect_p5                         00a0aaf3 _TMR_SET_CURRENT
00803bb6 _vect_p6                         00a0aafd _TMR_PVAVG
00803bb7 _vect_p7                         00a0ab07 _RESEARCH_ENABLED
00802e38 _vect_pt0                        00a0ab0b _TMR_POLL
00802e39 _vect_pt1                        00a0ab15 _TMR_SERDEF
00802e3a _vect_pt2                        00a0ab1f _TMR_DATALOG_USER
00802e3b _vect_pt3                        00a0ab29 _TMR_RESTORE_CFGF
00802e3c _vect_pt4                        00a0ab33 _TMR_STORE_DISPLAY_CONFIG
00802e3d _vect_pt5                        00a0ab3d _RESEARCH_OSC
00802e3e _vect_pt6                        00a0ab41 _TMR_STORE_ANALOGIO_CONFIG
00802e3f _vect_pt7                        00a0ab4b _TMR_GET_ANALOGIO_CONFIG
00802e37 _vect_tm                         00a0b242 _DAC_INT
00a0a192 _vect_v1                         00a0b29b _ADC_INT
00a0a193 _vect_v2                         00a0b2a7 _ADC_ACTIVE
00a0a194 _vect_var1                       00a0b2aa _TLV_REF
00a0a195 _vect_var2                       00a0b3fc __ctypes_
00a08d17 _water_freq_in                   00a0b566 _errno
00460000 cinit                            00a0b60d end
00000000 edata                            00a0b60d ___end__
00a0b60d end                              00c00000 _UART
0044b7e6 etext                            ffffffff ___pinit__
ffffffff pinit                            ffffffff pinit

[1322 symbols]
