TMS320C3x/4x COFF AssemblerVersion 5.12     Mon Oct 31 11:29:48 2011
Copyright (c) 1987-1999 Texas Instruments Incorporatedasm30.exe -@_3S8.AAB 

D:\CCS\EEA_SA_V611beta\BOOT\SOURCE\ASM\timer.asm                     PAGE    1

        1                   ;******************************************************************************
        2                   ;* TMS320C3x/4x ANSI C Code Generator                            Version 5.11 *
        3                   ;* Date/Time created: Mon Oct 31 11:29:48 2011                                *
        4                   ;******************************************************************************
        5                           .regalias       ; enable floating point register aliases
        6          0000000b fp      .set    ar3
        7          0000000b FP      .set    ar3
        8                   ;******************************************************************************
        9                   ;* GLOBAL FILE PARAMETERS                                                     *
       10                   ;*                                                                            *
       11                   ;*   Optimization       : Always Choose Smaller Code Size                     *
       12                   ;*   Memory             : Big Memory Model                                    *
       13                   ;*   Float-to-Int       : Normal Conversions (round toward zero)              *
       14                   ;*   Multiply           : in Software (32 bits)                               *
       15                   ;*   Memory Info        : Unmapped Memory Exists                              *
       16                   ;*   Repeat Loops       : Use RPTS and/or RPTB                                *
       17                   ;*   Calls              : Normal Library ASM calls                            *
       18                   ;*   Debug Info         : Standard TI Debug Information                       *
       19                   ;******************************************************************************
       20                   ;       C:\tic3x4x\c3x4x\cgtools\bin\ac30.exe -@_3S8.AAA 
       21                           .file   "timer.c"
       22                           .file   "D:\CCS\EEA_SA_V611beta\INCLUDE\ETC.H"
       23                           .sym    _BOOL,0,14,13,32
       24                           .file   "D:\CCS\EEA_SA_V611beta\BOOT\SOURCE\INCLUDE\BUFFER.H"
       25                           .stag   .fake0,131744
       26                           .member _head,0,4,8,32
       27                           .member _tail,32,4,8,32
       28                           .member _n,64,4,8,32
       29                           .member _CRC16,96,14,8,32
       30                           .member _buff,128,62,8,131584,,4112
       31                           .member _locked,131712,14,8,32
       32                           .eos
       33                           .sym    _BFR,0,8,13,131744,.fake0
       34                           .file   "D:\CCS\EEA_SA_V611beta\INCLUDE\FLASH.H"
       35                           .file   "D:\CCS\EEA_SA_V611beta\BOOT\SOURCE\INCLUDE\SERIAL.H"
       36                           .stag   .fake1,263936
       37                           .member _STAT,0,12,8,32
       38                           .member _TMR_Network_WDOG,32,14,8,32
       39                           .member _TMR_EOT_Delay,64,14,8,32
       40                           .member _TMR_Preamble_Delay,96,14,8,32
       41                           .member _TMR_Suffix_Delay,128,14,8,32
       42                           .member _TMR_Char,160,14,8,32
       43                           .member _TMR_enabled,192,14,8,32
       44                           .member _tvector,224,20,8,32
       45                           .member _pvector,256,20,8,32
       46                           .member _i,288,14,8,32
       47                           .member _func,320,14,8,32
       48                           .member _Slave_ID,352,14,8,32
       49                           .member _TXbuf,384,8,8,131744,.fake0
       50                           .member _TX_complete,132128,14,8,32
       51                           .member _RXbuf,132160,8,8,131744,.fake0
       52                           .member _RX_pending,263904,14,8,32
       53                           .eos
       54                           .sym    _PORTV,0,8,13,263936,.fake1
TMS320C3x/4x COFF AssemblerVersion 5.12     Mon Oct 31 11:29:48 2011
Copyright (c) 1987-1999 Texas Instruments Incorporatedasm30.exe -@_3S8.AAB 

D:\CCS\EEA_SA_V611beta\BOOT\SOURCE\ASM\timer.asm                     PAGE    2

       55                           .file   "D:\CCS\EEA_SA_V611beta\BOOT\SOURCE\INCLUDE\MODBUSRTU.H"
       56                           .file   "D:\CCS\EEA_SA_V611beta\INCLUDE\I2C.H"
       57                           .file   "D:\CCS\EEA_SA_V611beta\BOOT\SOURCE\INCLUDE\GLBLS.H"
       58                           .file   "timer.c"
       59 00000000                  .sect    ".text"
       60                   
       61                           .global _Setup_Timer
       62                           .sym    _Setup_Timer,_Setup_Timer,32,2,0
       63                           .func   13
       64                   ;******************************************************************************
       65                   ;* FUNCTION NAME: _Setup_Timer                                                *
       66                   ;*                                                                            *
       67                   ;*   Architecture       : TMS320C33                                           *
       68                   ;*   Calling Convention : TI Standard Register Parameters                     *
       69                   ;*   Function Uses Regs : f0,r0,f1,f2,ar0,ar2,st                              *
       70                   ;*   Regs Saved         :                                                     *
       71                   ;*   Stack Frame        : Full (w/ debug)                                     *
       72                   ;*   Total Frame Size   : 2 Call + 0 Parm + 3 Auto + 0 SOE = 5 words          *
       73                   ;******************************************************************************
       74 00000000          _Setup_Timer:
       75                   ;* ar2   assigned to _id
       76                           .sym    _id,10,4,17,32
       77                   ;* f2    assigned to _t
       78                           .sym    _t,2,7,17,32
       79                           .sym    _id,1,4,1,32
       80                           .sym    _t,2,7,1,32
       81                           .sym    _ta,3,7,1,32
       82                           .line   1
       83                   ;----------------------------------------------------------------------
       84                   ;  13 | void Setup_Timer(int id, double t)                                     
       85                   ;----------------------------------------------------------------------
       86 00000000 0f2b0000         push      fp
       87 00000001 500b0014         ldiu      sp,fp
       88 00000002 02740003         addi      3,sp
       89                           .line   2
       90                   ;----------------------------------------------------------------------
       91                   ;  15 | double ta;                                                             
       92                   ;----------------------------------------------------------------------
       93 00000003 14420302         stf       f2,*+fp(2)            ; |14| 
       94 00000004 154a0301         sti       ar2,*+fp(1)           ; |14| 
       95                           .line   5
       96                   ;----------------------------------------------------------------------
       97                   ;  17 | if (id==0)                                                             
       98                   ;----------------------------------------------------------------------
       99 00000005 5000000a         ldiu      ar2,r0
      100 00000006 04e00000         cmpi      0,r0                  ; |17| 
      101 00000007 6a06002a         bne       L3                    ; |17| 
      102                   ;*      Branch Occurs to L3             ; |17| 
      103                           .line   7
      104                   ;----------------------------------------------------------------------
      105                   ;  19 | ta = t * TMR0_FREQ;                                                    
      106                   ;----------------------------------------------------------------------
      107 00000008 08700000-        ldp       @CL1,DP
      108 00000009 50280000-        ldiu      @CL1,ar0              ; |19| 
TMS320C3x/4x COFF AssemblerVersion 5.12     Mon Oct 31 11:29:48 2011
Copyright (c) 1987-1999 Texas Instruments Incorporatedasm30.exe -@_3S8.AAB 

D:\CCS\EEA_SA_V611beta\BOOT\SOURCE\ASM\timer.asm                     PAGE    3

      109 0000000a 08700000-        ldp       @CL2,DP
      110 0000000b 05c0c000         float     *ar0,f0               ; |19| 
      111 0000000c 43a10001-        ldflt     @CL2,f1               ; |19| 
      112 0000000d 45618000         ldfge     0.0000000000e+00,f1   ; |19| 
      113 0000000e 08700000-        ldp       @CL3,DP
      114 0000000f 20800100         addf3     f0,f1,f0              ; |19| 
      115 00000010 0a200002-        mpyf      @CL3,f0               ; |19| 
      116 00000011 0a400302         mpyf      *+fp(2),f0            ; |19| 
      117 00000012 14400303         stf       f0,*+fp(3)            ; |19| 
      118                           .line   9
      119                   ;----------------------------------------------------------------------
      120                   ;  21 | *TMR0_GC = (TMR_FUNC | TMR_GO | TMR__HLD);                             
      121                   ;----------------------------------------------------------------------
      122 00000013 08700000-        ldp       @CL4,DP
      123 00000014 50280003-        ldiu      @CL4,ar0              ; |21| 
      124 00000015 506000c1         ldiu      193,r0                ; |21| 
      125 00000016 1540c000         sti       r0,*ar0               ; |21| 
      126                           .line   10
      127                   ;----------------------------------------------------------------------
      128                   ;  22 | *TMR0_PER = (int)ta;                                                   
      129                   ;----------------------------------------------------------------------
      130 00000017 08700000-        ldp       @CL5,DP
      131 00000018 50280004-        ldiu      @CL5,ar0              ; |22| 
      132 00000019 08700000-        ldp       @CL6,DP
      133 0000001a 40400303         ldfu      *+fp(3),f0            ; |22| 
      134 0000001b 04200005-        cmpf      @CL6,f0               ; |22| 
      135 0000001c 08700000-        ldp       @CL2,DP
      136 0000001d 43e18000         ldflt     0.0000000000e+00,f1   ; |22| 
      137 0000001e 45210001-        ldfge     @CL2,f1               ; |22| 
      138 0000001f 19010000         subrf     f0,f1                 ; |22| 
      139 00000020 05000001         fix       f1,r0                 ; |22| 
      140 00000021 1540c000         sti       r0,*ar0               ; |22| 
      141                           .line   11
      142                   ;----------------------------------------------------------------------
      143                   ;  23 | TIME0 = ta/(double)TMR0_FREQ;                                          
      144                   ;----------------------------------------------------------------------
      145 00000022 08700000-        ldp       @CL1,DP
      146 00000023 50280000-        ldiu      @CL1,ar0              ; |23| 
      147 00000024 08700000-        ldp       @CL2,DP
      148 00000025 05c1c000         float     *ar0,f1               ; |23| 
      149 00000026 43a00001-        ldflt     @CL2,f0               ; |23| 
      150 00000027 45608000         ldfge     0.0000000000e+00,f0   ; |23| 
      151 00000028 08700000-        ldp       @CL3,DP
      152 00000029 20810001         addf3     f1,f0,f1              ; |23| 
      153 0000002a 40400303         ldfu      *+fp(3),f0            ; |23| 
      154 0000002b 0a210002-        mpyf      @CL3,f1               ; |23| 
      155 0000002c 62000000!        call      DIV_F30               ; |23| 
      156                                                           ; |23| Call Occurs
      157 0000002d 08700000-        ldp       @CL7,DP
      158 0000002e 50280006-        ldiu      @CL7,ar0              ; |23| 
      159 0000002f 1440c000         stf       f0,*ar0               ; |23| 
      160                           .line   12
      161                   ;----------------------------------------------------------------------
      162                   ;  24 | ENABLE_TINT0;                                                          
TMS320C3x/4x COFF AssemblerVersion 5.12     Mon Oct 31 11:29:48 2011
Copyright (c) 1987-1999 Texas Instruments Incorporatedasm30.exe -@_3S8.AAB 

D:\CCS\EEA_SA_V611beta\BOOT\SOURCE\ASM\timer.asm                     PAGE    4

      163                   ;  26 | else                                                                   
      164                   ;----------------------------------------------------------------------
      165 00000030 10760100         or              0100h, IE
      166 00000031 6a000030         bu        L5                    ; |12| 
      167                   ;*      Branch Occurs to L5             ; |12| 
      168 00000032          L3:        
      169                           .line   15
      170                   ;----------------------------------------------------------------------
      171                   ;  27 | if (id==1)                                                             
      172                   ;----------------------------------------------------------------------
      173 00000032 50400301         ldiu      *+fp(1),r0            ; |27| 
      174 00000033 04e00001         cmpi      1,r0                  ; |27| 
      175 00000034 6a06002d         bne       L5                    ; |27| 
      176                   ;*      Branch Occurs to L5             ; |27| 
      177                           .line   17
      178                   ;----------------------------------------------------------------------
      179                   ;  29 | ta = t * TMR1_FREQ;                                                    
      180                   ;----------------------------------------------------------------------
      181 00000035 08700000-        ldp       @CL1,DP
      182 00000036 50280000-        ldiu      @CL1,ar0              ; |29| 
      183 00000037 08700000-        ldp       @CL2,DP
      184 00000038 05c0c000         float     *ar0,f0               ; |29| 
      185 00000039 43a10001-        ldflt     @CL2,f1               ; |29| 
      186 0000003a 45618000         ldfge     0.0000000000e+00,f1   ; |29| 
      187 0000003b 08700000-        ldp       @CL3,DP
      188 0000003c 20800100         addf3     f0,f1,f0              ; |29| 
      189 0000003d 0a200002-        mpyf      @CL3,f0               ; |29| 
      190 0000003e 0a400302         mpyf      *+fp(2),f0            ; |29| 
      191 0000003f 14400303         stf       f0,*+fp(3)            ; |29| 
      192                           .line   19
      193                   ;----------------------------------------------------------------------
      194                   ;  31 | *TMR1_GC = (TMR_FUNC | TMR_GO | TMR__HLD);                             
      195                   ;----------------------------------------------------------------------
      196 00000040 08700000-        ldp       @CL8,DP
      197 00000041 50280007-        ldiu      @CL8,ar0              ; |31| 
      198 00000042 506000c1         ldiu      193,r0                ; |31| 
      199 00000043 1540c000         sti       r0,*ar0               ; |31| 
      200                           .line   20
      201                   ;----------------------------------------------------------------------
      202                   ;  32 | *TMR1_PER = (int)ta;                                                   
      203                   ;----------------------------------------------------------------------
      204 00000044 08700000-        ldp       @CL9,DP
      205 00000045 50280008-        ldiu      @CL9,ar0              ; |32| 
      206 00000046 08700000-        ldp       @CL6,DP
      207 00000047 40410303         ldfu      *+fp(3),f1            ; |32| 
      208 00000048 04210005-        cmpf      @CL6,f1               ; |32| 
      209 00000049 08700000-        ldp       @CL2,DP
      210 0000004a 43e08000         ldflt     0.0000000000e+00,f0   ; |32| 
      211 0000004b 45200001-        ldfge     @CL2,f0               ; |32| 
      212 0000004c 19000001         subrf     f1,f0                 ; |32| 
      213 0000004d 05000000         fix       f0,r0                 ; |32| 
      214 0000004e 1540c000         sti       r0,*ar0               ; |32| 
      215                           .line   21
      216                   ;----------------------------------------------------------------------
TMS320C3x/4x COFF AssemblerVersion 5.12     Mon Oct 31 11:29:48 2011
Copyright (c) 1987-1999 Texas Instruments Incorporatedasm30.exe -@_3S8.AAB 

D:\CCS\EEA_SA_V611beta\BOOT\SOURCE\ASM\timer.asm                     PAGE    5

      217                   ;  33 | PORT.TMR_enabled = FALSE;                                              
      218                   ;----------------------------------------------------------------------
      219 0000004f 08700000-        ldp       @CL10,DP
      220 00000050 50280009-        ldiu      @CL10,ar0             ; |33| 
      221 00000051 50600000         ldiu      0,r0                  ; |33| 
      222 00000052 1540c000         sti       r0,*ar0               ; |33| 
      223                           .line   22
      224                   ;----------------------------------------------------------------------
      225                   ;  34 | TIME1 = ta/(double)TMR1_FREQ;                                          
      226                   ;----------------------------------------------------------------------
      227 00000053 08700000-        ldp       @CL1,DP
      228 00000054 50280000-        ldiu      @CL1,ar0              ; |34| 
      229 00000055 08700000-        ldp       @CL2,DP
      230 00000056 05c1c000         float     *ar0,f1               ; |34| 
      231 00000057 43a00001-        ldflt     @CL2,f0               ; |34| 
      232 00000058 45608000         ldfge     0.0000000000e+00,f0   ; |34| 
      233 00000059 20810001         addf3     f1,f0,f1              ; |34| 
      234 0000005a 08700000-        ldp       @CL3,DP
      235 0000005b 40400303         ldfu      *+fp(3),f0            ; |34| 
      236 0000005c 0a210002-        mpyf      @CL3,f1               ; |34| 
      237 0000005d 62000000!        call      DIV_F30               ; |34| 
      238                                                           ; |34| Call Occurs
      239 0000005e 08700000-        ldp       @CL11,DP
      240 0000005f 5028000a-        ldiu      @CL11,ar0             ; |34| 
      241 00000060 1440c000         stf       f0,*ar0               ; |34| 
      242                           .line   23
      243                   ;----------------------------------------------------------------------
      244                   ;  35 | ENABLE_TINT1;                                                          
      245                   ;----------------------------------------------------------------------
      246 00000061 10760200         or              0200h, IE
      247 00000062          L5:        
      248                           .line   25
      249                                                           ; Begin Epilog Code
      250 00000062 50410b01         ldiu      *-fp(1),r1
      251 00000063 504bc300         ldiu      *fp,fp
      252                                                           ; Unallocate the Frame
      253 00000064 18740005         subi      5,sp
      254 00000065 68000001         bu        r1
      255                   ;*      Branch Occurs to r1 
      256                           .endfunc        37,000000000h,3
      257                   
      258                   
      259                   ;******************************************************************************
      260                   ;* CONSTANT TABLE                                                             *
      261                   ;******************************************************************************
      262 00000000                  .sect   ".const"
      263 00000000                  .bss    CL1,1
      264 00000001                  .bss    CL2,1
      265 00000002                  .bss    CL3,1
      266 00000003                  .bss    CL4,1
      267 00000004                  .bss    CL5,1
      268 00000005                  .bss    CL6,1
      269 00000006                  .bss    CL7,1
      270 00000007                  .bss    CL8,1
TMS320C3x/4x COFF AssemblerVersion 5.12     Mon Oct 31 11:29:48 2011
Copyright (c) 1987-1999 Texas Instruments Incorporatedasm30.exe -@_3S8.AAB 

D:\CCS\EEA_SA_V611beta\BOOT\SOURCE\ASM\timer.asm                     PAGE    6

      271 00000008                  .bss    CL9,1
      272 00000009                  .bss    CL10,1
      273 0000000a                  .bss    CL11,1
      274                   
      275 00000000                  .sect   ".cinit"
      276 00000000 0000000b         .field          11,32
      277 00000001 00000000-        .field          CL1+0,32
      278 00000002 00000000!        .field          _CLOCK,32
      279 00000003 20000000         .word           020000000H ; float   4.294967296000000e+09
      280 00000004 ff000000         .word           0FF000000H ; double  5.000000000000000e-01
      281 00000005 00808020         .field          8421408,32
      282 00000006 00808028         .field          8421416,32
      283 00000007 1f000000         .word           01F000000H ; float   2.147483648000000e+09
      284 00000008 00000000!        .field          _TIME0,32
      285 00000009 00808030         .field          8421424,32
      286 0000000a 00808038         .field          8421432,32
      287 0000000b 00000006!        .field          _PORT+6,32
      288 0000000c 00000000!        .field          _TIME1,32
      289                   
      290 00000066                  .sect   ".text"
      291                   ;******************************************************************************
      292                   ;* UNDEFINED EXTERNAL REFERENCES                                              *
      293                   ;******************************************************************************
      294                   
      295                           .global _PORT
      296                   
      297                           .global _CLOCK
      298                   
      299                           .global _TIME0
      300                   
      301                           .global _TIME1
      302                           .global DIV_F30

 No Errors,  No Warnings
TMS320C3x/4x COFF AssemblerVersion 5.12     Mon Oct 31 11:29:48 2011
Copyright (c) 1987-1999 Texas Instruments Incorporatedasm30.exe -@_3S8.AAB 

D:\CCS\EEA_SA_V611beta\BOOT\SOURCE\ASM\timer.asm                     PAGE    7

LABEL                            VALUE       DEFN    REF

.BIGMODEL                        00000001       0 
.C30                             00000000       0 
.C30INTERRUPT                    00000000       0 
.C31                             00000000       0 
.C32                             00000000       0 
.C33                             00000001       0 
.C3X                             00000001       0 
.C3x                             00000001       0 
.C40                             00000000       0 
.C44                             00000000       0 
.C4X                             00000000       0 
.C4x                             00000000       0 
.REGPARM                         00000001       0 
.TMS320C30                       00000001       0 
.TMS320C31                       00000000       0 
.TMS320C32                       00000000       0 
.TMS320C40                       00000000       0 
.TMS320C44                       00000000       0 
.TMS320xx                        00000021       0 
.tms320C30                       00000001       0 
.tms320C31                       00000000       0 
.tms320C32                       00000000       0 
.tms320C40                       00000000       0 
.tms320C44                       00000000       0 
.tms320xx                        00000021       0 
.tmx320C40                       00000000       0 
CL1                              00000000-    263    107    108    145    146 
                                                     181    182    227    228 
                                                     277 
CL10                             00000009-    272    219    220 
CL11                             0000000a-    273    239    240 
CL2                              00000001-    264    109    111    135    137 
                                                     147    149    183    185 
                                                     209    211    229    231 
CL3                              00000002-    265    113    115    151    154 
                                                     187    189    234    236 
CL4                              00000003-    266    122    123 
CL5                              00000004-    267    130    131 
CL6                              00000005-    268    132    134    206    208 
CL7                              00000006-    269    157    158 
CL8                              00000007-    270    196    197 
CL9                              00000008-    271    204    205 
DIV_F30                          REF                 155    237    302 
FP                               0000000b       7 
L3                               00000032'    168    101 
L5                               00000062'    247    166    175 
_CLOCK                           REF                 278    297 
_PORT                            REF                 287    295 
_Setup_Timer                     00000000'     74     61     62     62 
_TIME0                           REF                 284    299 
_TIME1                           REF                 288    301 
TMS320C3x/4x COFF AssemblerVersion 5.12     Mon Oct 31 11:29:48 2011
Copyright (c) 1987-1999 Texas Instruments Incorporatedasm30.exe -@_3S8.AAB 

D:\CCS\EEA_SA_V611beta\BOOT\SOURCE\ASM\timer.asm                     PAGE    8

LABEL                            VALUE       DEFN    REF

fp                               0000000b       6     86     87     93     94 
                                                     116    117    133    153 
                                                     173    190    191    207 
                                                     235    250    251    251 
